
Efinix Static Timing Analysis Report
Version: 2025.2.288.2.10
Date: Sat May  2 10:33:54 2026

Copyright (C) 2013 - 2025 Efinix, Inc. All rights reserved.

Top-level Entity Name: spi_controller_tmr

SDC Filename: Not Specified

Timing Model: C4
	process : typical
	temperature : 0C to 85C
	voltage : 0.95 +/-30mV
	speedgrade : 4
	technology : t16ff
	status : final

---------- Table of Contents (begin) ----------
   1. Clock Frequency Summary
   2. Clock Relationship Summary
   3. Path Details for Max Critical Paths
   4. Path Details for Min Critical Paths
---------- Table of Contents (end) ------------

---------- 1. Clock Frequency Summary (begin) ----------

User target constrained clocks
 Clock Name  Period (ns)  Frequency (MHz)   Waveform      Targets
    clk         1.000        1000.000     {0.000 0.500}    {clk}

Maximum possible analyzed clocks frequency
 Clock Name  Period (ns)  Frequency (MHz)     Edge
    clk         1.220        819.672         (R-R)

Geomean max period: 1.220

---------- Clock Frequency Summary (end) ---------------

---------- 2. Clock Relationship Summary (begin) ----------

Setup (Max) Clock Relationship
  Launch Clock    Capture Clock   Constraint (ns)     Slack (ns)          Edge
      clk              clk             1.000            -0.220           (R-R)

Hold (Min) Clock Relationship
  Launch Clock    Capture Clock   Constraint (ns)     Slack (ns)          Edge
      clk              clk             0.000            0.056            (R-R)

NOTE: Values are in nanoseconds.

---------- Clock Relationship Summary (end) ---------------

---------- 3. Path Details for Max Critical Paths (begin) ----------

################################################################################
Path Detail Report (clk vs clk)
################################################################################


++++ Path 1 ++++++++++++++++++++++++++++++++++++++++++++++++++++++++++++++++++++

Path Begin    : gen_cores[1].u_spi/bit_cnt[0]~FF|CLK 
Path End      : gen_cores[1].u_spi/bit_cnt[2]~FF|CE  
Launch Clock  : clk (RISE)                           
Capture Clock : clk (RISE)                           
Slack         : -0.220 (required time - arrival time)
Delay         : 0.906                                

Logic Level             : 3
Non-global nets on path : 4
Global nets on path     : 0

Launch Clock Path Delay        : 1.858
+ Clock To Q + Data Path Delay : 1.110
--------------------------------------
End-of-path arrival time       : 2.968

Constraint                     : 1.000
+ Capture Clock Path Delay     : 1.858
- Clock Uncertainty            : 0.110
--------------------------------------
End-of-path required time      : 2.748

Launch Clock Path
                name                  model name   delay (ns)  cumulative delay (ns) pins on net    location
==============================================================================================================
clk                                     input        0.000             0.000               0       (111,0)  
clk                                     input        0.110             0.110             106       (111,0)  
clk                                     net          1.748             1.858             106       (111,0)  
   Routing elements:
      Manhattan distance of X:37, Y:138
gen_cores[1].u_spi/bit_cnt[0]~FF|CLK    EFX_FF       0.000             1.858             106       (148,138)

Data Path
               name                  model name   delay (ns)  cumulative delay (ns) pins on net    location
=============================================================================================================
gen_cores[1].u_spi/bit_cnt[0]~FF|Q    EFX_FF        0.113             0.113              9        (148,138)
gen_cores[1].u_spi/bit_cnt[0]         net           0.252             0.365              9        (148,138)
   Routing elements:
      Manhattan distance of X:0, Y:1
LUT__557|in[0]                        EFX_LUT4      0.054             0.419              9        (148,137)
LUT__557|out                          EFX_LUT4      0.000             0.419              3        (148,137)
n305                                  net           0.053             0.472              3        (148,137)
   Routing elements:
      Manhattan distance of X:0, Y:1
LUT__561|in[0]                        EFX_LUT4      0.054             0.526              3        (148,136)
LUT__561|out                          EFX_LUT4      0.000             0.526              2        (148,136)
n307                                  net           0.053             0.579              2        (148,136)
   Routing elements:
      Manhattan distance of X:0, Y:1
LUT__562|in[0]                        EFX_LUT4      0.054             0.633              2        (148,135)
LUT__562|out                          EFX_LUT4      0.000             0.633              4        (148,135)
ceg_net29                             net           0.386             1.019              4        (148,135)
   Routing elements:
      Manhattan distance of X:0, Y:2
gen_cores[1].u_spi/bit_cnt[2]~FF|CE   EFX_FF        0.091             1.110              4        (148,133)

Capture Clock Path
                name                  model name   delay (ns)  cumulative delay (ns) pins on net    location
==============================================================================================================
clk                                     input        0.000             0.000               0       (111,0)  
clk                                     input        0.110             0.110             106       (111,0)  
clk                                     net          1.748             1.858             106       (111,0)  
   Routing elements:
      Manhattan distance of X:37, Y:133
gen_cores[1].u_spi/bit_cnt[2]~FF|CLK    EFX_FF       0.000             1.858             106       (148,133)

++++ Path 2 ++++++++++++++++++++++++++++++++++++++++++++++++++++++++++++++++++++

Path Begin    : gen_cores[1].u_spi/clk_cnt[0]~FF|CLK 
Path End      : gen_cores[1].u_spi/bit_cnt[2]~FF|CE  
Launch Clock  : clk (RISE)                           
Capture Clock : clk (RISE)                           
Slack         : -0.198 (required time - arrival time)
Delay         : 0.884                                

Logic Level             : 2
Non-global nets on path : 3
Global nets on path     : 0

Launch Clock Path Delay        : 1.858
+ Clock To Q + Data Path Delay : 1.088
--------------------------------------
End-of-path arrival time       : 2.946

Constraint                     : 1.000
+ Capture Clock Path Delay     : 1.858
- Clock Uncertainty            : 0.110
--------------------------------------
End-of-path required time      : 2.748

Launch Clock Path
                name                  model name   delay (ns)  cumulative delay (ns) pins on net    location
==============================================================================================================
clk                                     input        0.000             0.000               0       (111,0)  
clk                                     input        0.110             0.110             106       (111,0)  
clk                                     net          1.748             1.858             106       (111,0)  
   Routing elements:
      Manhattan distance of X:34, Y:131
gen_cores[1].u_spi/clk_cnt[0]~FF|CLK    EFX_FF       0.000             1.858             106       (145,131)

Data Path
               name                  model name   delay (ns)  cumulative delay (ns) pins on net    location
=============================================================================================================
gen_cores[1].u_spi/clk_cnt[0]~FF|Q    EFX_FF        0.113             0.113              8        (145,131)
gen_cores[1].u_spi/clk_cnt[0]         net           0.337             0.450              8        (145,131)
   Routing elements:
      Manhattan distance of X:3, Y:5
LUT__561|in[3]                        EFX_LUT4      0.054             0.504              8        (148,136)
LUT__561|out                          EFX_LUT4      0.000             0.504              2        (148,136)
n307                                  net           0.053             0.557              2        (148,136)
   Routing elements:
      Manhattan distance of X:0, Y:1
LUT__562|in[0]                        EFX_LUT4      0.054             0.611              2        (148,135)
LUT__562|out                          EFX_LUT4      0.000             0.611              4        (148,135)
ceg_net29                             net           0.386             0.997              4        (148,135)
   Routing elements:
      Manhattan distance of X:0, Y:2
gen_cores[1].u_spi/bit_cnt[2]~FF|CE   EFX_FF        0.091             1.088              4        (148,133)

Capture Clock Path
                name                  model name   delay (ns)  cumulative delay (ns) pins on net    location
==============================================================================================================
clk                                     input        0.000             0.000               0       (111,0)  
clk                                     input        0.110             0.110             106       (111,0)  
clk                                     net          1.748             1.858             106       (111,0)  
   Routing elements:
      Manhattan distance of X:37, Y:133
gen_cores[1].u_spi/bit_cnt[2]~FF|CLK    EFX_FF       0.000             1.858             106       (148,133)

++++ Path 3 ++++++++++++++++++++++++++++++++++++++++++++++++++++++++++++++++++++

Path Begin    : gen_cores[1].u_spi/bit_cnt[0]~FF|CLK 
Path End      : gen_cores[1].u_spi/state[1]~FF|CE    
Launch Clock  : clk (RISE)                           
Capture Clock : clk (RISE)                           
Slack         : -0.170 (required time - arrival time)
Delay         : 0.867                                

Logic Level             : 3
Non-global nets on path : 4
Global nets on path     : 0

Launch Clock Path Delay        : 1.858
+ Clock To Q + Data Path Delay : 1.071
--------------------------------------
End-of-path arrival time       : 2.929

Constraint                     : 1.000
+ Capture Clock Path Delay     : 1.869
- Clock Uncertainty            : 0.110
--------------------------------------
End-of-path required time      : 2.759

Launch Clock Path
                name                  model name   delay (ns)  cumulative delay (ns) pins on net    location
==============================================================================================================
clk                                     input        0.000             0.000               0       (111,0)  
clk                                     input        0.110             0.110             106       (111,0)  
clk                                     net          1.748             1.858             106       (111,0)  
   Routing elements:
      Manhattan distance of X:37, Y:138
gen_cores[1].u_spi/bit_cnt[0]~FF|CLK    EFX_FF       0.000             1.858             106       (148,138)

Data Path
               name                 model name   delay (ns)  cumulative delay (ns) pins on net    location
============================================================================================================
gen_cores[1].u_spi/bit_cnt[0]~FF|Q   EFX_FF        0.113             0.113              9        (148,138)
gen_cores[1].u_spi/bit_cnt[0]        net           0.252             0.365              9        (148,138)
   Routing elements:
      Manhattan distance of X:0, Y:1
LUT__557|in[0]                       EFX_LUT4      0.054             0.419              9        (148,137)
LUT__557|out                         EFX_LUT4      0.000             0.419              3        (148,137)
n305                                 net           0.134             0.553              3        (148,137)
   Routing elements:
      Manhattan distance of X:0, Y:6
LUT__558|in[3]                       EFX_LUT4      0.054             0.607              3        (148,131)
LUT__558|out                         EFX_LUT4      0.000             0.607              2        (148,131)
n306                                 net           0.053             0.660              2        (148,131)
   Routing elements:
      Manhattan distance of X:0, Y:1
LUT__559|in[0]                       EFX_LUT4      0.054             0.714              2        (148,130)
LUT__559|out                         EFX_LUT4      0.000             0.714              3        (148,130)
ceg_net55                            net           0.266             0.980              3        (148,130)
   Routing elements:
      Manhattan distance of X:1, Y:1
gen_cores[1].u_spi/state[1]~FF|CE    EFX_FF        0.091             1.071              3        (149,129)

Capture Clock Path
               name                 model name   delay (ns)  cumulative delay (ns) pins on net    location
============================================================================================================
clk                                   input        0.000             0.000               0       (111,0)  
clk                                   input        0.110             0.110             106       (111,0)  
clk                                   net          1.759             1.869             106       (111,0)  
   Routing elements:
      Manhattan distance of X:38, Y:129
gen_cores[1].u_spi/state[1]~FF|CLK    EFX_FF       0.000             1.869             106       (149,129)

++++ Path 4 ++++++++++++++++++++++++++++++++++++++++++++++++++++++++++++++++++++

Path Begin    : gen_cores[2].u_spi/clk_cnt[0]~FF|CLK 
Path End      : mosi_v[2]~FF|CE                      
Launch Clock  : clk (RISE)                           
Capture Clock : clk (RISE)                           
Slack         : -0.143 (required time - arrival time)
Delay         : 0.840                                

Logic Level             : 2
Non-global nets on path : 3
Global nets on path     : 0

Launch Clock Path Delay        : 1.858
+ Clock To Q + Data Path Delay : 1.044
--------------------------------------
End-of-path arrival time       : 2.902

Constraint                     : 1.000
+ Capture Clock Path Delay     : 1.869
- Clock Uncertainty            : 0.110
--------------------------------------
End-of-path required time      : 2.759

Launch Clock Path
                name                  model name   delay (ns)  cumulative delay (ns) pins on net    location
==============================================================================================================
clk                                     input        0.000             0.000               0       (111,0)  
clk                                     input        0.110             0.110             106       (111,0)  
clk                                     net          1.748             1.858             106       (111,0)  
   Routing elements:
      Manhattan distance of X:34, Y:144
gen_cores[2].u_spi/clk_cnt[0]~FF|CLK    EFX_FF       0.000             1.858             106       (145,144)

Data Path
               name                 model name   delay (ns)  cumulative delay (ns) pins on net    location
============================================================================================================
gen_cores[2].u_spi/clk_cnt[0]~FF|Q   EFX_FF        0.113             0.113              7        (145,144)
gen_cores[2].u_spi/clk_cnt[0]        net           0.274             0.387              7        (145,144)
   Routing elements:
      Manhattan distance of X:3, Y:0
LUT__602|in[1]                       EFX_LUT4      0.054             0.441              7        (142,144)
LUT__602|out                         EFX_LUT4      0.000             0.441              2        (142,144)
n326                                 net           0.053             0.494              2        (142,144)
   Routing elements:
      Manhattan distance of X:0, Y:1
LUT__603|in[2]                       EFX_LUT4      0.054             0.548              2        (142,143)
LUT__603|out                         EFX_LUT4      0.000             0.548              2        (142,143)
ceg_net63                            net           0.405             0.953              2        (142,143)
   Routing elements:
      Manhattan distance of X:7, Y:0
mosi_v[2]~FF|CE                      EFX_FF        0.091             1.044              2        (149,143)

Capture Clock Path
      name        model name   delay (ns)  cumulative delay (ns) pins on net    location
==========================================================================================
clk                 input        0.000             0.000               0       (111,0)  
clk                 input        0.110             0.110             106       (111,0)  
clk                 net          1.759             1.869             106       (111,0)  
   Routing elements:
      Manhattan distance of X:38, Y:143
mosi_v[2]~FF|CLK    EFX_FF       0.000             1.869             106       (149,143)

++++ Path 5 ++++++++++++++++++++++++++++++++++++++++++++++++++++++++++++++++++++

Path Begin    : gen_cores[0].u_spi/state[1]~FF|CLK   
Path End      : gen_cores[0].u_spi/bit_cnt[2]~FF|CE  
Launch Clock  : clk (RISE)                           
Capture Clock : clk (RISE)                           
Slack         : -0.130 (required time - arrival time)
Delay         : 0.816                                

Logic Level             : 2
Non-global nets on path : 3
Global nets on path     : 0

Launch Clock Path Delay        : 1.858
+ Clock To Q + Data Path Delay : 1.020
--------------------------------------
End-of-path arrival time       : 2.878

Constraint                     : 1.000
+ Capture Clock Path Delay     : 1.858
- Clock Uncertainty            : 0.110
--------------------------------------
End-of-path required time      : 2.748

Launch Clock Path
               name                 model name   delay (ns)  cumulative delay (ns) pins on net    location
============================================================================================================
clk                                   input        0.000             0.000               0       (111,0)  
clk                                   input        0.110             0.110             106       (111,0)  
clk                                   net          1.748             1.858             106       (111,0)  
   Routing elements:
      Manhattan distance of X:42, Y:126
gen_cores[0].u_spi/state[1]~FF|CLK    EFX_FF       0.000             1.858             106       (153,126)

Data Path
               name                  model name   delay (ns)  cumulative delay (ns) pins on net    location
=============================================================================================================
gen_cores[0].u_spi/state[1]~FF|Q      EFX_FF        0.113             0.113               9       (153,126)
gen_cores[0].u_spi/state[1]           net           0.164             0.277               9       (153,126)
   Routing elements:
      Manhattan distance of X:0, Y:1
LUT__528|in[1]                        EFX_LUT4      0.055             0.332               9       (153,125)
LUT__528|out                          EFX_LUT4      0.000             0.332              10       (153,125)
~busy_v[0]                            net           0.160             0.492              10       (153,125)
   Routing elements:
      Manhattan distance of X:1, Y:1
LUT__535|in[2]                        EFX_LUT4      0.054             0.546              10       (154,126)
LUT__535|out                          EFX_LUT4      0.000             0.546               4       (154,126)
ceg_net28                             net           0.383             0.929               4       (154,126)
   Routing elements:
      Manhattan distance of X:0, Y:2
gen_cores[0].u_spi/bit_cnt[2]~FF|CE   EFX_FF        0.091             1.020               4       (154,124)

Capture Clock Path
                name                  model name   delay (ns)  cumulative delay (ns) pins on net    location
==============================================================================================================
clk                                     input        0.000             0.000               0       (111,0)  
clk                                     input        0.110             0.110             106       (111,0)  
clk                                     net          1.748             1.858             106       (111,0)  
   Routing elements:
      Manhattan distance of X:43, Y:124
gen_cores[0].u_spi/bit_cnt[2]~FF|CLK    EFX_FF       0.000             1.858             106       (154,124)

++++ Path 6 ++++++++++++++++++++++++++++++++++++++++++++++++++++++++++++++++++++

Path Begin    : gen_cores[2].u_spi/bit_cnt[2]~FF|CLK 
Path End      : gen_cores[2].u_spi/state[1]~FF|CE    
Launch Clock  : clk (RISE)                           
Capture Clock : clk (RISE)                           
Slack         : -0.105 (required time - arrival time)
Delay         : 0.791                                

Logic Level             : 2
Non-global nets on path : 3
Global nets on path     : 0

Launch Clock Path Delay        : 1.858
+ Clock To Q + Data Path Delay : 0.995
--------------------------------------
End-of-path arrival time       : 2.853

Constraint                     : 1.000
+ Capture Clock Path Delay     : 1.858
- Clock Uncertainty            : 0.110
--------------------------------------
End-of-path required time      : 2.748

Launch Clock Path
                name                  model name   delay (ns)  cumulative delay (ns) pins on net    location
==============================================================================================================
clk                                     input        0.000             0.000               0       (111,0)  
clk                                     input        0.110             0.110             106       (111,0)  
clk                                     net          1.748             1.858             106       (111,0)  
   Routing elements:
      Manhattan distance of X:34, Y:141
gen_cores[2].u_spi/bit_cnt[2]~FF|CLK    EFX_FF       0.000             1.858             106       (145,141)

Data Path
               name                 model name   delay (ns)  cumulative delay (ns) pins on net    location
============================================================================================================
gen_cores[2].u_spi/bit_cnt[2]~FF|Q   EFX_FF        0.113             0.113              3        (145,141)
gen_cores[2].u_spi/bit_cnt[2]        net           0.257             0.370              3        (145,141)
   Routing elements:
      Manhattan distance of X:1, Y:2
LUT__585|in[2]                       EFX_LUT4      0.055             0.425              3        (144,143)
LUT__585|out                         EFX_LUT4      0.000             0.425              3        (144,143)
n316                                 net           0.157             0.582              3        (144,143)
   Routing elements:
      Manhattan distance of X:3, Y:5
LUT__588|in[1]                       EFX_LUT4      0.055             0.637              3        (141,138)
LUT__588|out                         EFX_LUT4      0.000             0.637              3        (141,138)
ceg_net58                            net           0.267             0.904              3        (141,138)
   Routing elements:
      Manhattan distance of X:1, Y:1
gen_cores[2].u_spi/state[1]~FF|CE    EFX_FF        0.091             0.995              3        (142,137)

Capture Clock Path
               name                 model name   delay (ns)  cumulative delay (ns) pins on net    location
============================================================================================================
clk                                   input        0.000             0.000               0       (111,0)  
clk                                   input        0.110             0.110             106       (111,0)  
clk                                   net          1.748             1.858             106       (111,0)  
   Routing elements:
      Manhattan distance of X:31, Y:137
gen_cores[2].u_spi/state[1]~FF|CLK    EFX_FF       0.000             1.858             106       (142,137)

++++ Path 7 ++++++++++++++++++++++++++++++++++++++++++++++++++++++++++++++++++++

Path Begin    : gen_cores[1].u_spi/bit_cnt[0]~FF|CLK 
Path End      : gen_cores[1].u_spi/bit_cnt[0]~FF|CE  
Launch Clock  : clk (RISE)                           
Capture Clock : clk (RISE)                           
Slack         : -0.104 (required time - arrival time)
Delay         : 0.790                                

Logic Level             : 3
Non-global nets on path : 4
Global nets on path     : 0

Launch Clock Path Delay        : 1.858
+ Clock To Q + Data Path Delay : 0.994
--------------------------------------
End-of-path arrival time       : 2.852

Constraint                     : 1.000
+ Capture Clock Path Delay     : 1.858
- Clock Uncertainty            : 0.110
--------------------------------------
End-of-path required time      : 2.748

Launch Clock Path
                name                  model name   delay (ns)  cumulative delay (ns) pins on net    location
==============================================================================================================
clk                                     input        0.000             0.000               0       (111,0)  
clk                                     input        0.110             0.110             106       (111,0)  
clk                                     net          1.748             1.858             106       (111,0)  
   Routing elements:
      Manhattan distance of X:37, Y:138
gen_cores[1].u_spi/bit_cnt[0]~FF|CLK    EFX_FF       0.000             1.858             106       (148,138)

Data Path
               name                  model name   delay (ns)  cumulative delay (ns) pins on net    location
=============================================================================================================
gen_cores[1].u_spi/bit_cnt[0]~FF|Q    EFX_FF        0.113             0.113              9        (148,138)
gen_cores[1].u_spi/bit_cnt[0]         net           0.252             0.365              9        (148,138)
   Routing elements:
      Manhattan distance of X:0, Y:1
LUT__557|in[0]                        EFX_LUT4      0.054             0.419              9        (148,137)
LUT__557|out                          EFX_LUT4      0.000             0.419              3        (148,137)
n305                                  net           0.053             0.472              3        (148,137)
   Routing elements:
      Manhattan distance of X:0, Y:1
LUT__561|in[0]                        EFX_LUT4      0.054             0.526              3        (148,136)
LUT__561|out                          EFX_LUT4      0.000             0.526              2        (148,136)
n307                                  net           0.053             0.579              2        (148,136)
   Routing elements:
      Manhattan distance of X:0, Y:1
LUT__562|in[0]                        EFX_LUT4      0.054             0.633              2        (148,135)
LUT__562|out                          EFX_LUT4      0.000             0.633              4        (148,135)
ceg_net29                             net           0.270             0.903              4        (148,135)
   Routing elements:
      Manhattan distance of X:0, Y:3
gen_cores[1].u_spi/bit_cnt[0]~FF|CE   EFX_FF        0.091             0.994              4        (148,138)

Capture Clock Path
                name                  model name   delay (ns)  cumulative delay (ns) pins on net    location
==============================================================================================================
clk                                     input        0.000             0.000               0       (111,0)  
clk                                     input        0.110             0.110             106       (111,0)  
clk                                     net          1.748             1.858             106       (111,0)  
   Routing elements:
      Manhattan distance of X:37, Y:138
gen_cores[1].u_spi/bit_cnt[0]~FF|CLK    EFX_FF       0.000             1.858             106       (148,138)

++++ Path 8 ++++++++++++++++++++++++++++++++++++++++++++++++++++++++++++++++++++

Path Begin    : gen_cores[1].u_spi/clk_cnt[1]~FF|CLK 
Path End      : gen_cores[1].u_spi/bit_cnt[2]~FF|CE  
Launch Clock  : clk (RISE)                           
Capture Clock : clk (RISE)                           
Slack         : -0.102 (required time - arrival time)
Delay         : 0.777                                

Logic Level             : 2
Non-global nets on path : 3
Global nets on path     : 0

Launch Clock Path Delay        : 1.869
+ Clock To Q + Data Path Delay : 0.981
--------------------------------------
End-of-path arrival time       : 2.850

Constraint                     : 1.000
+ Capture Clock Path Delay     : 1.858
- Clock Uncertainty            : 0.110
--------------------------------------
End-of-path required time      : 2.748

Launch Clock Path
                name                  model name   delay (ns)  cumulative delay (ns) pins on net    location
==============================================================================================================
clk                                     input        0.000             0.000               0       (111,0)  
clk                                     input        0.110             0.110             106       (111,0)  
clk                                     net          1.759             1.869             106       (111,0)  
   Routing elements:
      Manhattan distance of X:39, Y:131
gen_cores[1].u_spi/clk_cnt[1]~FF|CLK    EFX_FF       0.000             1.869             106       (150,131)

Data Path
               name                  model name   delay (ns)  cumulative delay (ns) pins on net    location
=============================================================================================================
gen_cores[1].u_spi/clk_cnt[1]~FF|Q    EFX_FF        0.113             0.113              7        (150,131)
gen_cores[1].u_spi/clk_cnt[1]         net           0.230             0.343              7        (150,131)
   Routing elements:
      Manhattan distance of X:2, Y:5
LUT__561|in[2]                        EFX_LUT4      0.054             0.397              7        (148,136)
LUT__561|out                          EFX_LUT4      0.000             0.397              2        (148,136)
n307                                  net           0.053             0.450              2        (148,136)
   Routing elements:
      Manhattan distance of X:0, Y:1
LUT__562|in[0]                        EFX_LUT4      0.054             0.504              2        (148,135)
LUT__562|out                          EFX_LUT4      0.000             0.504              4        (148,135)
ceg_net29                             net           0.386             0.890              4        (148,135)
   Routing elements:
      Manhattan distance of X:0, Y:2
gen_cores[1].u_spi/bit_cnt[2]~FF|CE   EFX_FF        0.091             0.981              4        (148,133)

Capture Clock Path
                name                  model name   delay (ns)  cumulative delay (ns) pins on net    location
==============================================================================================================
clk                                     input        0.000             0.000               0       (111,0)  
clk                                     input        0.110             0.110             106       (111,0)  
clk                                     net          1.748             1.858             106       (111,0)  
   Routing elements:
      Manhattan distance of X:37, Y:133
gen_cores[1].u_spi/bit_cnt[2]~FF|CLK    EFX_FF       0.000             1.858             106       (148,133)

++++ Path 9 ++++++++++++++++++++++++++++++++++++++++++++++++++++++++++++++++++++

Path Begin    : gen_cores[1].u_spi/bit_cnt[1]~FF|CLK 
Path End      : gen_cores[1].u_spi/bit_cnt[2]~FF|CE  
Launch Clock  : clk (RISE)                           
Capture Clock : clk (RISE)                           
Slack         : -0.101 (required time - arrival time)
Delay         : 0.787                                

Logic Level             : 3
Non-global nets on path : 4
Global nets on path     : 0

Launch Clock Path Delay        : 1.858
+ Clock To Q + Data Path Delay : 0.991
--------------------------------------
End-of-path arrival time       : 2.849

Constraint                     : 1.000
+ Capture Clock Path Delay     : 1.858
- Clock Uncertainty            : 0.110
--------------------------------------
End-of-path required time      : 2.748

Launch Clock Path
                name                  model name   delay (ns)  cumulative delay (ns) pins on net    location
==============================================================================================================
clk                                     input        0.000             0.000               0       (111,0)  
clk                                     input        0.110             0.110             106       (111,0)  
clk                                     net          1.748             1.858             106       (111,0)  
   Routing elements:
      Manhattan distance of X:37, Y:134
gen_cores[1].u_spi/bit_cnt[1]~FF|CLK    EFX_FF       0.000             1.858             106       (148,134)

Data Path
               name                  model name   delay (ns)  cumulative delay (ns) pins on net    location
=============================================================================================================
gen_cores[1].u_spi/bit_cnt[1]~FF|Q    EFX_FF        0.113             0.113              8        (148,134)
gen_cores[1].u_spi/bit_cnt[1]         net           0.133             0.246              8        (148,134)
   Routing elements:
      Manhattan distance of X:0, Y:3
LUT__557|in[1]                        EFX_LUT4      0.054             0.300              8        (148,137)
LUT__557|out                          EFX_LUT4      0.000             0.300              3        (148,137)
n305                                  net           0.053             0.353              3        (148,137)
   Routing elements:
      Manhattan distance of X:0, Y:1
LUT__561|in[0]                        EFX_LUT4      0.054             0.407              3        (148,136)
LUT__561|out                          EFX_LUT4      0.000             0.407              2        (148,136)
n307                                  net           0.053             0.460              2        (148,136)
   Routing elements:
      Manhattan distance of X:0, Y:1
LUT__562|in[0]                        EFX_LUT4      0.054             0.514              2        (148,135)
LUT__562|out                          EFX_LUT4      0.000             0.514              4        (148,135)
ceg_net29                             net           0.386             0.900              4        (148,135)
   Routing elements:
      Manhattan distance of X:0, Y:2
gen_cores[1].u_spi/bit_cnt[2]~FF|CE   EFX_FF        0.091             0.991              4        (148,133)

Capture Clock Path
                name                  model name   delay (ns)  cumulative delay (ns) pins on net    location
==============================================================================================================
clk                                     input        0.000             0.000               0       (111,0)  
clk                                     input        0.110             0.110             106       (111,0)  
clk                                     net          1.748             1.858             106       (111,0)  
   Routing elements:
      Manhattan distance of X:37, Y:133
gen_cores[1].u_spi/bit_cnt[2]~FF|CLK    EFX_FF       0.000             1.858             106       (148,133)

++++ Path 10 +++++++++++++++++++++++++++++++++++++++++++++++++++++++++++++++++++

Path Begin    : gen_cores[2].u_spi/bit_cnt[0]~FF|CLK 
Path End      : gen_cores[2].u_spi/state[1]~FF|CE    
Launch Clock  : clk (RISE)                           
Capture Clock : clk (RISE)                           
Slack         : -0.089 (required time - arrival time)
Delay         : 0.635                                

Logic Level             : 2
Non-global nets on path : 3
Global nets on path     : 0

Launch Clock Path Delay        : 1.985
+ Clock To Q + Data Path Delay : 0.852
--------------------------------------
End-of-path arrival time       : 2.837

Constraint                     : 1.000
+ Capture Clock Path Delay     : 1.858
- Clock Uncertainty            : 0.110
--------------------------------------
End-of-path required time      : 2.748

Launch Clock Path
                name                  model name   delay (ns)  cumulative delay (ns) pins on net    location
==============================================================================================================
clk                                     input        0.000             0.000               0       (111,0)  
clk                                     input        0.110             0.110             106       (111,0)  
clk                                     net          1.875             1.985             106       (111,0)  
   Routing elements:
      Manhattan distance of X:33, Y:139
gen_cores[2].u_spi/bit_cnt[0]~FF|CLK    EFX_FF       0.000             1.985             106       (144,139)

Data Path
               name                 model name   delay (ns)  cumulative delay (ns) pins on net    location
============================================================================================================
gen_cores[2].u_spi/bit_cnt[0]~FF|Q   EFX_FF        0.126             0.126              9        (144,139)
gen_cores[2].u_spi/bit_cnt[0]        net           0.101             0.227              9        (144,139)
   Routing elements:
      Manhattan distance of X:0, Y:4
LUT__585|in[0]                       EFX_LUT4      0.055             0.282              9        (144,143)
LUT__585|out                         EFX_LUT4      0.000             0.282              3        (144,143)
n316                                 net           0.157             0.439              3        (144,143)
   Routing elements:
      Manhattan distance of X:3, Y:5
LUT__588|in[1]                       EFX_LUT4      0.055             0.494              3        (141,138)
LUT__588|out                         EFX_LUT4      0.000             0.494              3        (141,138)
ceg_net58                            net           0.267             0.761              3        (141,138)
   Routing elements:
      Manhattan distance of X:1, Y:1
gen_cores[2].u_spi/state[1]~FF|CE    EFX_FF        0.091             0.852              3        (142,137)

Capture Clock Path
               name                 model name   delay (ns)  cumulative delay (ns) pins on net    location
============================================================================================================
clk                                   input        0.000             0.000               0       (111,0)  
clk                                   input        0.110             0.110             106       (111,0)  
clk                                   net          1.748             1.858             106       (111,0)  
   Routing elements:
      Manhattan distance of X:31, Y:137
gen_cores[2].u_spi/state[1]~FF|CLK    EFX_FF       0.000             1.858             106       (142,137)

---------- Path Details for Max Critical Paths (end) ---------------

---------- 4. Path Details for Min Critical Paths (begin) ----------

################################################################################
Path Detail Report (clk vs clk)
################################################################################


++++ Path 1 ++++++++++++++++++++++++++++++++++++++++++++++++++++++++++++++++++++

Path Begin    : gen_cores[1].u_spi/shift_reg_rx[4]~FF|CLK
Path End      : gen_cores[1].u_spi/shift_reg_rx[5]~FF|D  
Launch Clock  : clk (RISE)                               
Capture Clock : clk (RISE)                               
Slack         : 0.056 (arrival time - required time)     
Delay         : 0.196                                    

Logic Level             : 0
Non-global nets on path : 1
Global nets on path     : 0

Launch Clock Path Delay        : 1.352
+ Clock To Q + Data Path Delay : 0.230
--------------------------------------
End-of-path arrival time       : 1.582

Constraint                     : 0.000
+ Capture Clock Path Delay     : 1.456
+ Clock Uncertainty            : 0.070
--------------------------------------
End-of-path required time      : 1.526

Launch Clock Path
                  name                     model name   delay (ns)  cumulative delay (ns) pins on net    location
===================================================================================================================
clk                                          input        0.000             0.000               0       (111,0)  
clk                                          input        0.070             0.070             106       (111,0)  
clk                                          net          1.282             1.352             106       (111,0)  
   Routing elements:
      Manhattan distance of X:38, Y:128
gen_cores[1].u_spi/shift_reg_rx[4]~FF|CLK    EFX_FF       0.000             1.352             106       (149,128)

Data Path
                 name                    model name   delay (ns)  cumulative delay (ns) pins on net    location
=================================================================================================================
gen_cores[1].u_spi/shift_reg_rx[4]~FF|Q    EFX_FF        0.072            0.072              3        (149,128)
gen_cores[1].u_spi/shift_reg_rx[4]         net           0.196            0.268              3        (149,128)
   Routing elements:
      Manhattan distance of X:1, Y:2
gen_cores[1].u_spi/shift_reg_rx[5]~FF|D    EFX_FF       -0.038            0.230              3        (148,126)

Capture Clock Path
                  name                     model name   delay (ns)  cumulative delay (ns) pins on net    location
===================================================================================================================
clk                                          input        0.000             0.000               0       (111,0)  
clk                                          input        0.070             0.070             106       (111,0)  
clk                                          net          1.386             1.456             106       (111,0)  
   Routing elements:
      Manhattan distance of X:37, Y:126
gen_cores[1].u_spi/shift_reg_rx[5]~FF|CLK    EFX_FF       0.000             1.456             106       (148,126)

++++ Path 2 ++++++++++++++++++++++++++++++++++++++++++++++++++++++++++++++++++++

Path Begin    : gen_cores[0].u_spi/shift_reg_rx[1]~FF|CLK
Path End      : gen_cores[0].u_spi/shift_reg_rx[2]~FF|D  
Launch Clock  : clk (RISE)                               
Capture Clock : clk (RISE)                               
Slack         : 0.057 (arrival time - required time)     
Delay         : 0.093                                    

Logic Level             : 0
Non-global nets on path : 1
Global nets on path     : 0

Launch Clock Path Delay        : 1.456
+ Clock To Q + Data Path Delay : 0.127
--------------------------------------
End-of-path arrival time       : 1.583

Constraint                     : 0.000
+ Capture Clock Path Delay     : 1.456
+ Clock Uncertainty            : 0.070
--------------------------------------
End-of-path required time      : 1.526

Launch Clock Path
                  name                     model name   delay (ns)  cumulative delay (ns) pins on net    location
===================================================================================================================
clk                                          input        0.000             0.000               0       (111,0)  
clk                                          input        0.070             0.070             106       (111,0)  
clk                                          net          1.386             1.456             106       (111,0)  
   Routing elements:
      Manhattan distance of X:37, Y:123
gen_cores[0].u_spi/shift_reg_rx[1]~FF|CLK    EFX_FF       0.000             1.456             106       (148,123)

Data Path
                 name                    model name   delay (ns)  cumulative delay (ns) pins on net    location
=================================================================================================================
gen_cores[0].u_spi/shift_reg_rx[1]~FF|Q    EFX_FF        0.072            0.072              3        (148,123)
gen_cores[0].u_spi/shift_reg_rx[1]         net           0.093            0.165              3        (148,123)
   Routing elements:
      Manhattan distance of X:2, Y:0
gen_cores[0].u_spi/shift_reg_rx[2]~FF|D    EFX_FF       -0.038            0.127              3        (150,123)

Capture Clock Path
                  name                     model name   delay (ns)  cumulative delay (ns) pins on net    location
===================================================================================================================
clk                                          input        0.000             0.000               0       (111,0)  
clk                                          input        0.070             0.070             106       (111,0)  
clk                                          net          1.386             1.456             106       (111,0)  
   Routing elements:
      Manhattan distance of X:39, Y:123
gen_cores[0].u_spi/shift_reg_rx[2]~FF|CLK    EFX_FF       0.000             1.456             106       (150,123)

++++ Path 3 ++++++++++++++++++++++++++++++++++++++++++++++++++++++++++++++++++++

Path Begin    : gen_cores[2].u_spi/shift_reg_rx[2]~FF|CLK
Path End      : gen_cores[2].u_spi/shift_reg_rx[3]~FF|D  
Launch Clock  : clk (RISE)                               
Capture Clock : clk (RISE)                               
Slack         : 0.064 (arrival time - required time)     
Delay         : 0.100                                    

Logic Level             : 0
Non-global nets on path : 1
Global nets on path     : 0

Launch Clock Path Delay        : 1.456
+ Clock To Q + Data Path Delay : 0.134
--------------------------------------
End-of-path arrival time       : 1.590

Constraint                     : 0.000
+ Capture Clock Path Delay     : 1.456
+ Clock Uncertainty            : 0.070
--------------------------------------
End-of-path required time      : 1.526

Launch Clock Path
                  name                     model name   delay (ns)  cumulative delay (ns) pins on net    location
===================================================================================================================
clk                                          input        0.000             0.000               0       (111,0)  
clk                                          input        0.070             0.070             106       (111,0)  
clk                                          net          1.386             1.456             106       (111,0)  
   Routing elements:
      Manhattan distance of X:34, Y:138
gen_cores[2].u_spi/shift_reg_rx[2]~FF|CLK    EFX_FF       0.000             1.456             106       (145,138)

Data Path
                 name                    model name   delay (ns)  cumulative delay (ns) pins on net    location
=================================================================================================================
gen_cores[2].u_spi/shift_reg_rx[2]~FF|Q    EFX_FF        0.072            0.072              3        (145,138)
gen_cores[2].u_spi/shift_reg_rx[2]         net           0.100            0.172              3        (145,138)
   Routing elements:
      Manhattan distance of X:0, Y:2
gen_cores[2].u_spi/shift_reg_rx[3]~FF|D    EFX_FF       -0.038            0.134              3        (145,140)

Capture Clock Path
                  name                     model name   delay (ns)  cumulative delay (ns) pins on net    location
===================================================================================================================
clk                                          input        0.000             0.000               0       (111,0)  
clk                                          input        0.070             0.070             106       (111,0)  
clk                                          net          1.386             1.456             106       (111,0)  
   Routing elements:
      Manhattan distance of X:34, Y:140
gen_cores[2].u_spi/shift_reg_rx[3]~FF|CLK    EFX_FF       0.000             1.456             106       (145,140)

++++ Path 4 ++++++++++++++++++++++++++++++++++++++++++++++++++++++++++++++++++++

Path Begin    : sclk_v[1]~FF|CLK                        
Path End      : gen_cores[1].u_spi/shift_reg_rx[2]~FF|CE
Launch Clock  : clk (RISE)                              
Capture Clock : clk (RISE)                              
Slack         : 0.066 (arrival time - required time)    
Delay         : 0.355                                   

Logic Level             : 2
Non-global nets on path : 3
Global nets on path     : 0

Launch Clock Path Delay        : 1.203
+ Clock To Q + Data Path Delay : 0.389
--------------------------------------
End-of-path arrival time       : 1.592

Constraint                     : 0.000
+ Capture Clock Path Delay     : 1.456
+ Clock Uncertainty            : 0.070
--------------------------------------
End-of-path required time      : 1.526

Launch Clock Path
      name        model name   delay (ns)  cumulative delay (ns) pins on net    location
==========================================================================================
clk                 input        0.000             0.000               0       (111,0)  
clk                 input        0.070             0.070             106       (111,0)  
clk                 net          1.133             1.203             106       (111,0)  
   Routing elements:
      Manhattan distance of X:37, Y:129
sclk_v[1]~FF|CLK    EFX_FF       0.000             1.203             106       (148,129)

Data Path
                  name                    model name   delay (ns)  cumulative delay (ns) pins on net    location
==================================================================================================================
sclk_v[1]~FF|Q                             EFX_FF         0.072            0.072              9        (148,129)
sclk_v[1]                                  net            0.074            0.146              9        (148,129)
LUT__553|in[0]                             EFX_LUT4       0.034            0.180              9        (148,129)
LUT__553|out                               EFX_LUT4       0.000            0.180              3        (148,129)
gen_cores[1].u_spi/n21                     net            0.034            0.214              3        (148,129)
   Routing elements:
      Manhattan distance of X:0, Y:1
LUT__564|in[0]                             EFX_LUT4       0.034            0.248              3        (148,128)
LUT__564|out                               EFX_LUT4       0.000            0.248              9        (148,128)
gen_cores[1].u_spi/n431                    net            0.179            0.427              9        (148,128)
   Routing elements:
      Manhattan distance of X:2, Y:0
gen_cores[1].u_spi/shift_reg_rx[2]~FF|CE   EFX_FF        -0.038            0.389              9        (150,128)

Capture Clock Path
                  name                     model name   delay (ns)  cumulative delay (ns) pins on net    location
===================================================================================================================
clk                                          input        0.000             0.000               0       (111,0)  
clk                                          input        0.070             0.070             106       (111,0)  
clk                                          net          1.386             1.456             106       (111,0)  
   Routing elements:
      Manhattan distance of X:39, Y:128
gen_cores[1].u_spi/shift_reg_rx[2]~FF|CLK    EFX_FF       0.000             1.456             106       (150,128)

++++ Path 5 ++++++++++++++++++++++++++++++++++++++++++++++++++++++++++++++++++++

Path Begin    : gen_cores[1].u_spi/shift_reg_rx[1]~FF|CLK
Path End      : gen_cores[1].u_spi/shift_reg_rx[2]~FF|D  
Launch Clock  : clk (RISE)                               
Capture Clock : clk (RISE)                               
Slack         : 0.068 (arrival time - required time)     
Delay         : 0.208                                    

Logic Level             : 0
Non-global nets on path : 1
Global nets on path     : 0

Launch Clock Path Delay        : 1.352
+ Clock To Q + Data Path Delay : 0.242
--------------------------------------
End-of-path arrival time       : 1.594

Constraint                     : 0.000
+ Capture Clock Path Delay     : 1.456
+ Clock Uncertainty            : 0.070
--------------------------------------
End-of-path required time      : 1.526

Launch Clock Path
                  name                     model name   delay (ns)  cumulative delay (ns) pins on net    location
===================================================================================================================
clk                                          input        0.000             0.000               0       (111,0)  
clk                                          input        0.070             0.070             106       (111,0)  
clk                                          net          1.282             1.352             106       (111,0)  
   Routing elements:
      Manhattan distance of X:39, Y:127
gen_cores[1].u_spi/shift_reg_rx[1]~FF|CLK    EFX_FF       0.000             1.352             106       (150,127)

Data Path
                 name                    model name   delay (ns)  cumulative delay (ns) pins on net    location
=================================================================================================================
gen_cores[1].u_spi/shift_reg_rx[1]~FF|Q    EFX_FF        0.072            0.072              3        (150,127)
gen_cores[1].u_spi/shift_reg_rx[1]         net           0.208            0.280              3        (150,127)
   Routing elements:
      Manhattan distance of X:0, Y:1
gen_cores[1].u_spi/shift_reg_rx[2]~FF|D    EFX_FF       -0.038            0.242              3        (150,128)

Capture Clock Path
                  name                     model name   delay (ns)  cumulative delay (ns) pins on net    location
===================================================================================================================
clk                                          input        0.000             0.000               0       (111,0)  
clk                                          input        0.070             0.070             106       (111,0)  
clk                                          net          1.386             1.456             106       (111,0)  
   Routing elements:
      Manhattan distance of X:39, Y:128
gen_cores[1].u_spi/shift_reg_rx[2]~FF|CLK    EFX_FF       0.000             1.456             106       (150,128)

++++ Path 6 ++++++++++++++++++++++++++++++++++++++++++++++++++++++++++++++++++++

Path Begin    : gen_cores[0].u_spi/shift_reg_rx[0]~FF|CLK
Path End      : gen_cores[0].u_spi/shift_reg_rx[1]~FF|D  
Launch Clock  : clk (RISE)                               
Capture Clock : clk (RISE)                               
Slack         : 0.071 (arrival time - required time)     
Delay         : 0.107                                    

Logic Level             : 0
Non-global nets on path : 1
Global nets on path     : 0

Launch Clock Path Delay        : 1.456
+ Clock To Q + Data Path Delay : 0.141
--------------------------------------
End-of-path arrival time       : 1.597

Constraint                     : 0.000
+ Capture Clock Path Delay     : 1.456
+ Clock Uncertainty            : 0.070
--------------------------------------
End-of-path required time      : 1.526

Launch Clock Path
                  name                     model name   delay (ns)  cumulative delay (ns) pins on net    location
===================================================================================================================
clk                                          input        0.000             0.000               0       (111,0)  
clk                                          input        0.070             0.070             106       (111,0)  
clk                                          net          1.386             1.456             106       (111,0)  
   Routing elements:
      Manhattan distance of X:34, Y:123
gen_cores[0].u_spi/shift_reg_rx[0]~FF|CLK    EFX_FF       0.000             1.456             106       (145,123)

Data Path
                 name                    model name   delay (ns)  cumulative delay (ns) pins on net    location
=================================================================================================================
gen_cores[0].u_spi/shift_reg_rx[0]~FF|Q    EFX_FF        0.072            0.072              3        (145,123)
gen_cores[0].u_spi/shift_reg_rx[0]         net           0.107            0.179              3        (145,123)
   Routing elements:
      Manhattan distance of X:3, Y:0
gen_cores[0].u_spi/shift_reg_rx[1]~FF|D    EFX_FF       -0.038            0.141              3        (148,123)

Capture Clock Path
                  name                     model name   delay (ns)  cumulative delay (ns) pins on net    location
===================================================================================================================
clk                                          input        0.000             0.000               0       (111,0)  
clk                                          input        0.070             0.070             106       (111,0)  
clk                                          net          1.386             1.456             106       (111,0)  
   Routing elements:
      Manhattan distance of X:37, Y:123
gen_cores[0].u_spi/shift_reg_rx[1]~FF|CLK    EFX_FF       0.000             1.456             106       (148,123)

++++ Path 7 ++++++++++++++++++++++++++++++++++++++++++++++++++++++++++++++++++++

Path Begin    : gen_cores[1].u_spi/shift_reg_rx[6]~FF|CLK
Path End      : gen_cores[1].u_spi/shift_reg_rx[7]~FF|D  
Launch Clock  : clk (RISE)                               
Capture Clock : clk (RISE)                               
Slack         : 0.078 (arrival time - required time)     
Delay         : 0.295                                    

Logic Level             : 0
Non-global nets on path : 1
Global nets on path     : 0

Launch Clock Path Delay        : 1.275
+ Clock To Q + Data Path Delay : 0.329
--------------------------------------
End-of-path arrival time       : 1.604

Constraint                     : 0.000
+ Capture Clock Path Delay     : 1.456
+ Clock Uncertainty            : 0.070
--------------------------------------
End-of-path required time      : 1.526

Launch Clock Path
                  name                     model name   delay (ns)  cumulative delay (ns) pins on net    location
===================================================================================================================
clk                                          input        0.000             0.000               0       (111,0)  
clk                                          input        0.070             0.070             106       (111,0)  
clk                                          net          1.205             1.275             106       (111,0)  
   Routing elements:
      Manhattan distance of X:37, Y:127
gen_cores[1].u_spi/shift_reg_rx[6]~FF|CLK    EFX_FF       0.000             1.275             106       (148,127)

Data Path
                 name                    model name   delay (ns)  cumulative delay (ns) pins on net    location
=================================================================================================================
gen_cores[1].u_spi/shift_reg_rx[6]~FF|Q    EFX_FF        0.072            0.072              3        (148,127)
gen_cores[1].u_spi/shift_reg_rx[6]         net           0.295            0.367              3        (148,127)
   Routing elements:
      Manhattan distance of X:1, Y:4
gen_cores[1].u_spi/shift_reg_rx[7]~FF|D    EFX_FF       -0.038            0.329              3        (149,131)

Capture Clock Path
                  name                     model name   delay (ns)  cumulative delay (ns) pins on net    location
===================================================================================================================
clk                                          input        0.000             0.000               0       (111,0)  
clk                                          input        0.070             0.070             106       (111,0)  
clk                                          net          1.386             1.456             106       (111,0)  
   Routing elements:
      Manhattan distance of X:38, Y:131
gen_cores[1].u_spi/shift_reg_rx[7]~FF|CLK    EFX_FF       0.000             1.456             106       (149,131)

++++ Path 8 ++++++++++++++++++++++++++++++++++++++++++++++++++++++++++++++++++++

Path Begin    : gen_cores[2].u_spi/clk_cnt[0]~FF|CLK    
Path End      : gen_cores[2].u_spi/shift_reg_rx[1]~FF|CE
Launch Clock  : clk (RISE)                              
Capture Clock : clk (RISE)                              
Slack         : 0.083 (arrival time - required time)    
Delay         : 0.372                                   

Logic Level             : 1
Non-global nets on path : 2
Global nets on path     : 0

Launch Clock Path Delay        : 1.203
+ Clock To Q + Data Path Delay : 0.406
--------------------------------------
End-of-path arrival time       : 1.609

Constraint                     : 0.000
+ Capture Clock Path Delay     : 1.456
+ Clock Uncertainty            : 0.070
--------------------------------------
End-of-path required time      : 1.526

Launch Clock Path
                name                  model name   delay (ns)  cumulative delay (ns) pins on net    location
==============================================================================================================
clk                                     input        0.000             0.000               0       (111,0)  
clk                                     input        0.070             0.070             106       (111,0)  
clk                                     net          1.133             1.203             106       (111,0)  
   Routing elements:
      Manhattan distance of X:34, Y:144
gen_cores[2].u_spi/clk_cnt[0]~FF|CLK    EFX_FF       0.000             1.203             106       (145,144)

Data Path
                  name                    model name   delay (ns)  cumulative delay (ns) pins on net    location
==================================================================================================================
gen_cores[2].u_spi/clk_cnt[0]~FF|Q         EFX_FF         0.072            0.072               7       (145,144)
gen_cores[2].u_spi/clk_cnt[0]              net            0.117            0.189               7       (145,144)
   Routing elements:
      Manhattan distance of X:4, Y:5
LUT__586|in[3]                             EFX_LUT4       0.035            0.224               7       (141,139)
LUT__586|out                               EFX_LUT4       0.000            0.224              10       (141,139)
gen_cores[2].u_spi/n336                    net            0.220            0.444              10       (141,139)
   Routing elements:
      Manhattan distance of X:4, Y:0
gen_cores[2].u_spi/shift_reg_rx[1]~FF|CE   EFX_FF        -0.038            0.406              10       (145,139)

Capture Clock Path
                  name                     model name   delay (ns)  cumulative delay (ns) pins on net    location
===================================================================================================================
clk                                          input        0.000             0.000               0       (111,0)  
clk                                          input        0.070             0.070             106       (111,0)  
clk                                          net          1.386             1.456             106       (111,0)  
   Routing elements:
      Manhattan distance of X:34, Y:139
gen_cores[2].u_spi/shift_reg_rx[1]~FF|CLK    EFX_FF       0.000             1.456             106       (145,139)

++++ Path 9 ++++++++++++++++++++++++++++++++++++++++++++++++++++++++++++++++++++

Path Begin    : gen_cores[2].u_spi/clk_cnt[0]~FF|CLK    
Path End      : gen_cores[2].u_spi/shift_reg_rx[3]~FF|CE
Launch Clock  : clk (RISE)                              
Capture Clock : clk (RISE)                              
Slack         : 0.086 (arrival time - required time)    
Delay         : 0.375                                   

Logic Level             : 1
Non-global nets on path : 2
Global nets on path     : 0

Launch Clock Path Delay        : 1.203
+ Clock To Q + Data Path Delay : 0.409
--------------------------------------
End-of-path arrival time       : 1.612

Constraint                     : 0.000
+ Capture Clock Path Delay     : 1.456
+ Clock Uncertainty            : 0.070
--------------------------------------
End-of-path required time      : 1.526

Launch Clock Path
                name                  model name   delay (ns)  cumulative delay (ns) pins on net    location
==============================================================================================================
clk                                     input        0.000             0.000               0       (111,0)  
clk                                     input        0.070             0.070             106       (111,0)  
clk                                     net          1.133             1.203             106       (111,0)  
   Routing elements:
      Manhattan distance of X:34, Y:144
gen_cores[2].u_spi/clk_cnt[0]~FF|CLK    EFX_FF       0.000             1.203             106       (145,144)

Data Path
                  name                    model name   delay (ns)  cumulative delay (ns) pins on net    location
==================================================================================================================
gen_cores[2].u_spi/clk_cnt[0]~FF|Q         EFX_FF         0.072            0.072               7       (145,144)
gen_cores[2].u_spi/clk_cnt[0]              net            0.117            0.189               7       (145,144)
   Routing elements:
      Manhattan distance of X:4, Y:5
LUT__586|in[3]                             EFX_LUT4       0.035            0.224               7       (141,139)
LUT__586|out                               EFX_LUT4       0.000            0.224              10       (141,139)
gen_cores[2].u_spi/n336                    net            0.223            0.447              10       (141,139)
   Routing elements:
      Manhattan distance of X:4, Y:1
gen_cores[2].u_spi/shift_reg_rx[3]~FF|CE   EFX_FF        -0.038            0.409              10       (145,140)

Capture Clock Path
                  name                     model name   delay (ns)  cumulative delay (ns) pins on net    location
===================================================================================================================
clk                                          input        0.000             0.000               0       (111,0)  
clk                                          input        0.070             0.070             106       (111,0)  
clk                                          net          1.386             1.456             106       (111,0)  
   Routing elements:
      Manhattan distance of X:34, Y:140
gen_cores[2].u_spi/shift_reg_rx[3]~FF|CLK    EFX_FF       0.000             1.456             106       (145,140)

++++ Path 10 +++++++++++++++++++++++++++++++++++++++++++++++++++++++++++++++++++

Path Begin    : gen_cores[2].u_spi/clk_cnt[0]~FF|CLK    
Path End      : gen_cores[2].u_spi/shift_reg_rx[2]~FF|CE
Launch Clock  : clk (RISE)                              
Capture Clock : clk (RISE)                              
Slack         : 0.086 (arrival time - required time)    
Delay         : 0.375                                   

Logic Level             : 1
Non-global nets on path : 2
Global nets on path     : 0

Launch Clock Path Delay        : 1.203
+ Clock To Q + Data Path Delay : 0.409
--------------------------------------
End-of-path arrival time       : 1.612

Constraint                     : 0.000
+ Capture Clock Path Delay     : 1.456
+ Clock Uncertainty            : 0.070
--------------------------------------
End-of-path required time      : 1.526

Launch Clock Path
                name                  model name   delay (ns)  cumulative delay (ns) pins on net    location
==============================================================================================================
clk                                     input        0.000             0.000               0       (111,0)  
clk                                     input        0.070             0.070             106       (111,0)  
clk                                     net          1.133             1.203             106       (111,0)  
   Routing elements:
      Manhattan distance of X:34, Y:144
gen_cores[2].u_spi/clk_cnt[0]~FF|CLK    EFX_FF       0.000             1.203             106       (145,144)

Data Path
                  name                    model name   delay (ns)  cumulative delay (ns) pins on net    location
==================================================================================================================
gen_cores[2].u_spi/clk_cnt[0]~FF|Q         EFX_FF         0.072            0.072               7       (145,144)
gen_cores[2].u_spi/clk_cnt[0]              net            0.117            0.189               7       (145,144)
   Routing elements:
      Manhattan distance of X:4, Y:5
LUT__586|in[3]                             EFX_LUT4       0.035            0.224               7       (141,139)
LUT__586|out                               EFX_LUT4       0.000            0.224              10       (141,139)
gen_cores[2].u_spi/n336                    net            0.223            0.447              10       (141,139)
   Routing elements:
      Manhattan distance of X:4, Y:1
gen_cores[2].u_spi/shift_reg_rx[2]~FF|CE   EFX_FF        -0.038            0.409              10       (145,138)

Capture Clock Path
                  name                     model name   delay (ns)  cumulative delay (ns) pins on net    location
===================================================================================================================
clk                                          input        0.000             0.000               0       (111,0)  
clk                                          input        0.070             0.070             106       (111,0)  
clk                                          net          1.386             1.456             106       (111,0)  
   Routing elements:
      Manhattan distance of X:34, Y:138
gen_cores[2].u_spi/shift_reg_rx[2]~FF|CLK    EFX_FF       0.000             1.456             106       (145,138)

---------- Path Details for Min Critical Paths (end) ---------------

