
---------- Module Resource Usage Distribution Estimates (begin) ----------

+----------------------+--------+------+------+-----------+------------------+-----------+------------------+--------+----------+-----------------+
|      inst_name       |  xlr   | mem  | dsp  | xlr_logic | xlr_logic_and_ff | xlr_adder | xlr_adder_and_ff | xlr_ff | xlr_srl8 | xlr_srl8_and_ff |
+----------------------+--------+------+------+-----------+------------------+-----------+------------------+--------+----------+-----------------+
| +spi_controller_tmr  | 56(2)  | 0(0) | 0(0) |   21(2)   |      11(0)       |   0(0)    |       0(0)       | 24(0)  |   0(0)   |      0(0)       |
|  +gen_cores[0].u_spi | 54(54) | 0(0) | 0(0) |  19(19)   |      11(11)      |   0(0)    |       0(0)       | 24(24) |   0(0)   |      0(0)       |
+----------------------+--------+------+------+-----------+------------------+-----------+------------------+--------+----------+-----------------+

----------- Module Resource Usage Distribution Estimates (end) ----------

