#-----------------------------------------------------------
# Vivado v2025.2 (64-bit)
# SW Build 6299465 on Fri Nov 14 12:34:56 MST 2025
# IP Build 6300035 on Fri Nov 14 10:48:45 MST 2025
# SharedData Build 6298862 on Thu Nov 13 04:50:51 MST 2025
# Start of session at: Sat May  2 10:00:47 2026
# Process ID         : 82709
# Current directory  : /home/hagen/school/fpga_comparison_project/amd_project/vivado_project/vivado_project.runs/synth_1
# Command line       : vivado -log spi_controller_tmr.vds -product Vivado -mode batch -messageDb vivado.pb -notrace -source spi_controller_tmr.tcl
# Log file           : /home/hagen/school/fpga_comparison_project/amd_project/vivado_project/vivado_project.runs/synth_1/spi_controller_tmr.vds
# Journal file       : /home/hagen/school/fpga_comparison_project/amd_project/vivado_project/vivado_project.runs/synth_1/vivado.jou
# Running On         : 9yn89w3.freeipa.astranis.corp
# Platform           : Ubuntu
# Operating System   : Ubuntu 24.04.4 LTS
# Processor Detail   : 13th Gen Intel(R) Core(TM) i7-1365U
# CPU Frequency      : 451.042 MHz
# CPU Physical cores : 10
# CPU Logical cores  : 12
# Host memory        : 33058 MB
# Swap memory        : 8589 MB
# Total Virtual      : 41648 MB
# Available Virtual  : 29393 MB
#-----------------------------------------------------------
source spi_controller_tmr.tcl -notrace
