
Efinix Static Timing Analysis Report
Version: 2025.2.288.2.10
Date: Sun Apr  5 12:50:45 2026

Copyright (C) 2013 - 2025 Efinix, Inc. All rights reserved.

Top-level Entity Name: spi_controller

SDC Filename: Not Specified

Timing Model: C4
	process : typical
	temperature : 0C to 85C
	voltage : 0.95 +/-30mV
	speedgrade : 4
	technology : t16ff
	status : final

---------- Table of Contents (begin) ----------
   1. Clock Frequency Summary
   2. Clock Relationship Summary
   3. Path Details for Max Critical Paths
   4. Path Details for Min Critical Paths
---------- Table of Contents (end) ------------

---------- 1. Clock Frequency Summary (begin) ----------

User target constrained clocks
 Clock Name  Period (ns)  Frequency (MHz)   Waveform      Targets
    clk         1.000        1000.000     {0.000 0.500}    {clk}

Maximum possible analyzed clocks frequency
 Clock Name  Period (ns)  Frequency (MHz)     Edge
    clk         1.124        889.680         (R-R)

Geomean max period: 1.124

---------- Clock Frequency Summary (end) ---------------

---------- 2. Clock Relationship Summary (begin) ----------

Setup (Max) Clock Relationship
  Launch Clock    Capture Clock   Constraint (ns)     Slack (ns)          Edge
      clk              clk             1.000            -0.124           (R-R)

Hold (Min) Clock Relationship
  Launch Clock    Capture Clock   Constraint (ns)     Slack (ns)          Edge
      clk              clk             0.000            0.058            (R-R)

NOTE: Values are in nanoseconds.

---------- Clock Relationship Summary (end) ---------------

---------- 3. Path Details for Max Critical Paths (begin) ----------

################################################################################
Path Detail Report (clk vs clk)
################################################################################


++++ Path 1 ++++++++++++++++++++++++++++++++++++++++++++++++++++++++++++++++++++

Path Begin    : state[0]~FF|CLK                      
Path End      : mosi~FF|CE                           
Launch Clock  : clk (RISE)                           
Capture Clock : clk (RISE)                           
Slack         : -0.124 (required time - arrival time)
Delay         : 0.810                                

Logic Level             : 1
Non-global nets on path : 2
Global nets on path     : 0

Launch Clock Path Delay        : 1.858
+ Clock To Q + Data Path Delay : 1.014
--------------------------------------
End-of-path arrival time       : 2.872

Constraint                     : 1.000
+ Capture Clock Path Delay     : 1.858
- Clock Uncertainty            : 0.110
--------------------------------------
End-of-path required time      : 2.748

Launch Clock Path
     name        model name   delay (ns)  cumulative delay (ns) pins on net    location
=========================================================================================
clk                input        0.000             0.000               0        (111,0) 
clk                input        0.110             0.110              36        (111,0) 
clk                net          1.748             1.858              36        (111,0) 
   Routing elements:
      Manhattan distance of X:32, Y:99
state[0]~FF|CLK    EFX_FF       0.000             1.858              36        (143,99)

Data Path
     name       model name   delay (ns)  cumulative delay (ns) pins on net    location
========================================================================================
state[0]~FF|Q    EFX_FF        0.113             0.113              22       (143,99) 
state[0]         net           0.337             0.450              22       (143,99) 
   Routing elements:
      Manhattan distance of X:6, Y:3
LUT__178|in[3]   EFX_LUT4      0.054             0.504              22       (137,96) 
LUT__178|out     EFX_LUT4      0.000             0.504               2       (137,96) 
ceg_net25        net           0.419             0.923               2       (137,96) 
   Routing elements:
      Manhattan distance of X:6, Y:6
mosi~FF|CE       EFX_FF        0.091             1.014               2       (143,102)

Capture Clock Path
    name      model name   delay (ns)  cumulative delay (ns) pins on net    location
======================================================================================
clk             input        0.000             0.000               0       (111,0)  
clk             input        0.110             0.110              36       (111,0)  
clk             net          1.748             1.858              36       (111,0)  
   Routing elements:
      Manhattan distance of X:32, Y:102
mosi~FF|CLK     EFX_FF       0.000             1.858              36       (143,102)

++++ Path 2 ++++++++++++++++++++++++++++++++++++++++++++++++++++++++++++++++++++

Path Begin    : clk_cnt[0]~FF|CLK                    
Path End      : mosi~FF|CE                           
Launch Clock  : clk (RISE)                           
Capture Clock : clk (RISE)                           
Slack         : -0.123 (required time - arrival time)
Delay         : 0.809                                

Logic Level             : 2
Non-global nets on path : 3
Global nets on path     : 0

Launch Clock Path Delay        : 1.858
+ Clock To Q + Data Path Delay : 1.013
--------------------------------------
End-of-path arrival time       : 2.871

Constraint                     : 1.000
+ Capture Clock Path Delay     : 1.858
- Clock Uncertainty            : 0.110
--------------------------------------
End-of-path required time      : 2.748

Launch Clock Path
      name         model name   delay (ns)  cumulative delay (ns) pins on net    location
===========================================================================================
clk                  input        0.000             0.000               0        (111,0) 
clk                  input        0.110             0.110              36        (111,0) 
clk                  net          1.748             1.858              36        (111,0) 
   Routing elements:
      Manhattan distance of X:31, Y:92
clk_cnt[0]~FF|CLK    EFX_FF       0.000             1.858              36        (142,92)

Data Path
     name        model name   delay (ns)  cumulative delay (ns) pins on net    location
=========================================================================================
clk_cnt[0]~FF|Q   EFX_FF        0.113             0.113              6        (142,92) 
clk_cnt[0]        net           0.229             0.342              6        (142,92) 
   Routing elements:
      Manhattan distance of X:5, Y:5
LUT__177|in[1]    EFX_LUT4      0.054             0.396              6        (137,97) 
LUT__177|out      EFX_LUT4      0.000             0.396              2        (137,97) 
n111              net           0.053             0.449              2        (137,97) 
   Routing elements:
      Manhattan distance of X:0, Y:1
LUT__178|in[1]    EFX_LUT4      0.054             0.503              2        (137,96) 
LUT__178|out      EFX_LUT4      0.000             0.503              2        (137,96) 
ceg_net25         net           0.419             0.922              2        (137,96) 
   Routing elements:
      Manhattan distance of X:6, Y:6
mosi~FF|CE        EFX_FF        0.091             1.013              2        (143,102)

Capture Clock Path
    name      model name   delay (ns)  cumulative delay (ns) pins on net    location
======================================================================================
clk             input        0.000             0.000               0       (111,0)  
clk             input        0.110             0.110              36       (111,0)  
clk             net          1.748             1.858              36       (111,0)  
   Routing elements:
      Manhattan distance of X:32, Y:102
mosi~FF|CLK     EFX_FF       0.000             1.858              36       (143,102)

++++ Path 3 ++++++++++++++++++++++++++++++++++++++++++++++++++++++++++++++++++++

Path Begin    : bit_cnt[1]~FF|CLK                    
Path End      : state[0]~FF|CE                       
Launch Clock  : clk (RISE)                           
Capture Clock : clk (RISE)                           
Slack         : -0.111 (required time - arrival time)
Delay         : 0.797                                

Logic Level             : 3
Non-global nets on path : 4
Global nets on path     : 0

Launch Clock Path Delay        : 1.858
+ Clock To Q + Data Path Delay : 1.001
--------------------------------------
End-of-path arrival time       : 2.859

Constraint                     : 1.000
+ Capture Clock Path Delay     : 1.858
- Clock Uncertainty            : 0.110
--------------------------------------
End-of-path required time      : 2.748

Launch Clock Path
      name         model name   delay (ns)  cumulative delay (ns) pins on net    location
===========================================================================================
clk                  input        0.000             0.000               0       (111,0)  
clk                  input        0.110             0.110              36       (111,0)  
clk                  net          1.748             1.858              36       (111,0)  
   Routing elements:
      Manhattan distance of X:32, Y:104
bit_cnt[1]~FF|CLK    EFX_FF       0.000             1.858              36       (143,104)

Data Path
     name        model name   delay (ns)  cumulative delay (ns) pins on net    location
=========================================================================================
bit_cnt[1]~FF|Q   EFX_FF        0.113             0.113              7        (143,104)
bit_cnt[1]        net           0.263             0.376              7        (143,104)
   Routing elements:
      Manhattan distance of X:1, Y:2
LUT__159|in[1]    EFX_LUT4      0.054             0.430              7        (142,102)
LUT__159|out      EFX_LUT4      0.000             0.430              3        (142,102)
n102              net           0.053             0.483              3        (142,102)
   Routing elements:
      Manhattan distance of X:0, Y:1
LUT__160|in[0]    EFX_LUT4      0.054             0.537              3        (142,101)
LUT__160|out      EFX_LUT4      0.000             0.537              2        (142,101)
n103              net           0.053             0.590              2        (142,101)
   Routing elements:
      Manhattan distance of X:0, Y:1
LUT__161|in[1]    EFX_LUT4      0.054             0.644              2        (142,100)
LUT__161|out      EFX_LUT4      0.000             0.644              3        (142,100)
ceg_net22         net           0.266             0.910              3        (142,100)
   Routing elements:
      Manhattan distance of X:1, Y:1
state[0]~FF|CE    EFX_FF        0.091             1.001              3        (143,99) 

Capture Clock Path
     name        model name   delay (ns)  cumulative delay (ns) pins on net    location
=========================================================================================
clk                input        0.000             0.000               0        (111,0) 
clk                input        0.110             0.110              36        (111,0) 
clk                net          1.748             1.858              36        (111,0) 
   Routing elements:
      Manhattan distance of X:32, Y:99
state[0]~FF|CLK    EFX_FF       0.000             1.858              36        (143,99)

++++ Path 4 ++++++++++++++++++++++++++++++++++++++++++++++++++++++++++++++++++++

Path Begin    : clk_cnt[0]~FF|CLK                    
Path End      : state[0]~FF|CE                       
Launch Clock  : clk (RISE)                           
Capture Clock : clk (RISE)                           
Slack         : -0.070 (required time - arrival time)
Delay         : 0.756                                

Logic Level             : 3
Non-global nets on path : 4
Global nets on path     : 0

Launch Clock Path Delay        : 1.858
+ Clock To Q + Data Path Delay : 0.960
--------------------------------------
End-of-path arrival time       : 2.818

Constraint                     : 1.000
+ Capture Clock Path Delay     : 1.858
- Clock Uncertainty            : 0.110
--------------------------------------
End-of-path required time      : 2.748

Launch Clock Path
      name         model name   delay (ns)  cumulative delay (ns) pins on net    location
===========================================================================================
clk                  input        0.000             0.000               0        (111,0) 
clk                  input        0.110             0.110              36        (111,0) 
clk                  net          1.748             1.858              36        (111,0) 
   Routing elements:
      Manhattan distance of X:31, Y:92
clk_cnt[0]~FF|CLK    EFX_FF       0.000             1.858              36        (142,92)

Data Path
     name        model name   delay (ns)  cumulative delay (ns) pins on net    location
=========================================================================================
clk_cnt[0]~FF|Q   EFX_FF        0.113             0.113              6        (142,92) 
clk_cnt[0]        net           0.152             0.265              6        (142,92) 
   Routing elements:
      Manhattan distance of X:0, Y:5
LUT__158|in[1]    EFX_LUT4      0.054             0.319              6        (142,97) 
LUT__158|out      EFX_LUT4      0.000             0.319              4        (142,97) 
n101              net           0.123             0.442              4        (142,97) 
   Routing elements:
      Manhattan distance of X:0, Y:4
LUT__160|in[1]    EFX_LUT4      0.054             0.496              4        (142,101)
LUT__160|out      EFX_LUT4      0.000             0.496              2        (142,101)
n103              net           0.053             0.549              2        (142,101)
   Routing elements:
      Manhattan distance of X:0, Y:1
LUT__161|in[1]    EFX_LUT4      0.054             0.603              2        (142,100)
LUT__161|out      EFX_LUT4      0.000             0.603              3        (142,100)
ceg_net22         net           0.266             0.869              3        (142,100)
   Routing elements:
      Manhattan distance of X:1, Y:1
state[0]~FF|CE    EFX_FF        0.091             0.960              3        (143,99) 

Capture Clock Path
     name        model name   delay (ns)  cumulative delay (ns) pins on net    location
=========================================================================================
clk                input        0.000             0.000               0        (111,0) 
clk                input        0.110             0.110              36        (111,0) 
clk                net          1.748             1.858              36        (111,0) 
   Routing elements:
      Manhattan distance of X:32, Y:99
state[0]~FF|CLK    EFX_FF       0.000             1.858              36        (143,99)

++++ Path 5 ++++++++++++++++++++++++++++++++++++++++++++++++++++++++++++++++++++

Path Begin    : clk_cnt[0]~FF|CLK                    
Path End      : bit_cnt[2]~FF|CE                     
Launch Clock  : clk (RISE)                           
Capture Clock : clk (RISE)                           
Slack         : -0.057 (required time - arrival time)
Delay         : 0.793                                

Logic Level             : 2
Non-global nets on path : 3
Global nets on path     : 0

Launch Clock Path Delay        : 1.858
+ Clock To Q + Data Path Delay : 0.997
--------------------------------------
End-of-path arrival time       : 2.855

Constraint                     : 1.000
+ Capture Clock Path Delay     : 1.908
- Clock Uncertainty            : 0.110
--------------------------------------
End-of-path required time      : 2.798

Launch Clock Path
      name         model name   delay (ns)  cumulative delay (ns) pins on net    location
===========================================================================================
clk                  input        0.000             0.000               0        (111,0) 
clk                  input        0.110             0.110              36        (111,0) 
clk                  net          1.748             1.858              36        (111,0) 
   Routing elements:
      Manhattan distance of X:31, Y:92
clk_cnt[0]~FF|CLK    EFX_FF       0.000             1.858              36        (142,92)

Data Path
      name        model name   delay (ns)  cumulative delay (ns) pins on net    location
==========================================================================================
clk_cnt[0]~FF|Q    EFX_FF        0.113             0.113              6        (142,92) 
clk_cnt[0]         net           0.152             0.265              6        (142,92) 
   Routing elements:
      Manhattan distance of X:0, Y:5
LUT__158|in[1]     EFX_LUT4      0.054             0.319              6        (142,97) 
LUT__158|out       EFX_LUT4      0.000             0.319              4        (142,97) 
n101               net           0.263             0.582              4        (142,97) 
   Routing elements:
      Manhattan distance of X:0, Y:7
LUT__163|in[1]     EFX_LUT4      0.054             0.636              4        (142,104)
LUT__163|out       EFX_LUT4      0.000             0.636              4        (142,104)
ceg_net10          net           0.270             0.906              4        (142,104)
   Routing elements:
      Manhattan distance of X:0, Y:3
bit_cnt[2]~FF|CE   EFX_FF        0.091             0.997              4        (142,107)

Capture Clock Path
      name         model name   delay (ns)  cumulative delay (ns) pins on net    location
===========================================================================================
clk                  input        0.000             0.000               0       (111,0)  
clk                  input        0.110             0.110              36       (111,0)  
clk                  net          1.798             1.908              36       (111,0)  
   Routing elements:
      Manhattan distance of X:31, Y:107
bit_cnt[2]~FF|CLK    EFX_FF       0.000             1.908              36       (142,107)

++++ Path 6 ++++++++++++++++++++++++++++++++++++++++++++++++++++++++++++++++++++

Path Begin    : bit_cnt[2]~FF|CLK                    
Path End      : state[0]~FF|CE                       
Launch Clock  : clk (RISE)                           
Capture Clock : clk (RISE)                           
Slack         : -0.055 (required time - arrival time)
Delay         : 0.686                                

Logic Level             : 3
Non-global nets on path : 4
Global nets on path     : 0

Launch Clock Path Delay        : 1.908
+ Clock To Q + Data Path Delay : 0.895
--------------------------------------
End-of-path arrival time       : 2.803

Constraint                     : 1.000
+ Capture Clock Path Delay     : 1.858
- Clock Uncertainty            : 0.110
--------------------------------------
End-of-path required time      : 2.748

Launch Clock Path
      name         model name   delay (ns)  cumulative delay (ns) pins on net    location
===========================================================================================
clk                  input        0.000             0.000               0       (111,0)  
clk                  input        0.110             0.110              36       (111,0)  
clk                  net          1.798             1.908              36       (111,0)  
   Routing elements:
      Manhattan distance of X:31, Y:107
bit_cnt[2]~FF|CLK    EFX_FF       0.000             1.908              36       (142,107)

Data Path
     name        model name   delay (ns)  cumulative delay (ns) pins on net    location
=========================================================================================
bit_cnt[2]~FF|Q   EFX_FF        0.118             0.118              3        (142,107)
bit_cnt[2]        net           0.152             0.270              3        (142,107)
   Routing elements:
      Manhattan distance of X:0, Y:5
LUT__159|in[2]    EFX_LUT4      0.054             0.324              3        (142,102)
LUT__159|out      EFX_LUT4      0.000             0.324              3        (142,102)
n102              net           0.053             0.377              3        (142,102)
   Routing elements:
      Manhattan distance of X:0, Y:1
LUT__160|in[0]    EFX_LUT4      0.054             0.431              3        (142,101)
LUT__160|out      EFX_LUT4      0.000             0.431              2        (142,101)
n103              net           0.053             0.484              2        (142,101)
   Routing elements:
      Manhattan distance of X:0, Y:1
LUT__161|in[1]    EFX_LUT4      0.054             0.538              2        (142,100)
LUT__161|out      EFX_LUT4      0.000             0.538              3        (142,100)
ceg_net22         net           0.266             0.804              3        (142,100)
   Routing elements:
      Manhattan distance of X:1, Y:1
state[0]~FF|CE    EFX_FF        0.091             0.895              3        (143,99) 

Capture Clock Path
     name        model name   delay (ns)  cumulative delay (ns) pins on net    location
=========================================================================================
clk                input        0.000             0.000               0        (111,0) 
clk                input        0.110             0.110              36        (111,0) 
clk                net          1.748             1.858              36        (111,0) 
   Routing elements:
      Manhattan distance of X:32, Y:99
state[0]~FF|CLK    EFX_FF       0.000             1.858              36        (143,99)

++++ Path 7 ++++++++++++++++++++++++++++++++++++++++++++++++++++++++++++++++++++

Path Begin    : sclk~FF|CLK                          
Path End      : state[0]~FF|CE                       
Launch Clock  : clk (RISE)                           
Capture Clock : clk (RISE)                           
Slack         : -0.052 (required time - arrival time)
Delay         : 0.738                                

Logic Level             : 3
Non-global nets on path : 4
Global nets on path     : 0

Launch Clock Path Delay        : 1.858
+ Clock To Q + Data Path Delay : 0.942
--------------------------------------
End-of-path arrival time       : 2.800

Constraint                     : 1.000
+ Capture Clock Path Delay     : 1.858
- Clock Uncertainty            : 0.110
--------------------------------------
End-of-path required time      : 2.748

Launch Clock Path
    name      model name   delay (ns)  cumulative delay (ns) pins on net    location
======================================================================================
clk             input        0.000             0.000               0        (111,0) 
clk             input        0.110             0.110              36        (111,0) 
clk             net          1.748             1.858              36        (111,0) 
   Routing elements:
      Manhattan distance of X:31, Y:98
sclk~FF|CLK     EFX_FF       0.000             1.858              36        (142,98)

Data Path
     name       model name   delay (ns)  cumulative delay (ns) pins on net    location
========================================================================================
sclk~FF|Q        EFX_FF        0.113             0.113              5        (142,98) 
sclk             net           0.134             0.247              5        (142,98) 
   Routing elements:
      Manhattan distance of X:0, Y:1
LUT__158|in[0]   EFX_LUT4      0.054             0.301              5        (142,97) 
LUT__158|out     EFX_LUT4      0.000             0.301              4        (142,97) 
n101             net           0.123             0.424              4        (142,97) 
   Routing elements:
      Manhattan distance of X:0, Y:4
LUT__160|in[1]   EFX_LUT4      0.054             0.478              4        (142,101)
LUT__160|out     EFX_LUT4      0.000             0.478              2        (142,101)
n103             net           0.053             0.531              2        (142,101)
   Routing elements:
      Manhattan distance of X:0, Y:1
LUT__161|in[1]   EFX_LUT4      0.054             0.585              2        (142,100)
LUT__161|out     EFX_LUT4      0.000             0.585              3        (142,100)
ceg_net22        net           0.266             0.851              3        (142,100)
   Routing elements:
      Manhattan distance of X:1, Y:1
state[0]~FF|CE   EFX_FF        0.091             0.942              3        (143,99) 

Capture Clock Path
     name        model name   delay (ns)  cumulative delay (ns) pins on net    location
=========================================================================================
clk                input        0.000             0.000               0        (111,0) 
clk                input        0.110             0.110              36        (111,0) 
clk                net          1.748             1.858              36        (111,0) 
   Routing elements:
      Manhattan distance of X:32, Y:99
state[0]~FF|CLK    EFX_FF       0.000             1.858              36        (143,99)

++++ Path 8 ++++++++++++++++++++++++++++++++++++++++++++++++++++++++++++++++++++

Path Begin    : sclk~FF|CLK                          
Path End      : bit_cnt[2]~FF|CE                     
Launch Clock  : clk (RISE)                           
Capture Clock : clk (RISE)                           
Slack         : -0.039 (required time - arrival time)
Delay         : 0.775                                

Logic Level             : 2
Non-global nets on path : 3
Global nets on path     : 0

Launch Clock Path Delay        : 1.858
+ Clock To Q + Data Path Delay : 0.979
--------------------------------------
End-of-path arrival time       : 2.837

Constraint                     : 1.000
+ Capture Clock Path Delay     : 1.908
- Clock Uncertainty            : 0.110
--------------------------------------
End-of-path required time      : 2.798

Launch Clock Path
    name      model name   delay (ns)  cumulative delay (ns) pins on net    location
======================================================================================
clk             input        0.000             0.000               0        (111,0) 
clk             input        0.110             0.110              36        (111,0) 
clk             net          1.748             1.858              36        (111,0) 
   Routing elements:
      Manhattan distance of X:31, Y:98
sclk~FF|CLK     EFX_FF       0.000             1.858              36        (142,98)

Data Path
      name        model name   delay (ns)  cumulative delay (ns) pins on net    location
==========================================================================================
sclk~FF|Q          EFX_FF        0.113             0.113              5        (142,98) 
sclk               net           0.134             0.247              5        (142,98) 
   Routing elements:
      Manhattan distance of X:0, Y:1
LUT__158|in[0]     EFX_LUT4      0.054             0.301              5        (142,97) 
LUT__158|out       EFX_LUT4      0.000             0.301              4        (142,97) 
n101               net           0.263             0.564              4        (142,97) 
   Routing elements:
      Manhattan distance of X:0, Y:7
LUT__163|in[1]     EFX_LUT4      0.054             0.618              4        (142,104)
LUT__163|out       EFX_LUT4      0.000             0.618              4        (142,104)
ceg_net10          net           0.270             0.888              4        (142,104)
   Routing elements:
      Manhattan distance of X:0, Y:3
bit_cnt[2]~FF|CE   EFX_FF        0.091             0.979              4        (142,107)

Capture Clock Path
      name         model name   delay (ns)  cumulative delay (ns) pins on net    location
===========================================================================================
clk                  input        0.000             0.000               0       (111,0)  
clk                  input        0.110             0.110              36       (111,0)  
clk                  net          1.798             1.908              36       (111,0)  
   Routing elements:
      Manhattan distance of X:31, Y:107
bit_cnt[2]~FF|CLK    EFX_FF       0.000             1.908              36       (142,107)

++++ Path 9 ++++++++++++++++++++++++++++++++++++++++++++++++++++++++++++++++++++

Path Begin    : sclk~FF|CLK                          
Path End      : mosi~FF|CE                           
Launch Clock  : clk (RISE)                           
Capture Clock : clk (RISE)                           
Slack         : -0.037 (required time - arrival time)
Delay         : 0.723                                

Logic Level             : 2
Non-global nets on path : 3
Global nets on path     : 0

Launch Clock Path Delay        : 1.858
+ Clock To Q + Data Path Delay : 0.927
--------------------------------------
End-of-path arrival time       : 2.785

Constraint                     : 1.000
+ Capture Clock Path Delay     : 1.858
- Clock Uncertainty            : 0.110
--------------------------------------
End-of-path required time      : 2.748

Launch Clock Path
    name      model name   delay (ns)  cumulative delay (ns) pins on net    location
======================================================================================
clk             input        0.000             0.000               0        (111,0) 
clk             input        0.110             0.110              36        (111,0) 
clk             net          1.748             1.858              36        (111,0) 
   Routing elements:
      Manhattan distance of X:31, Y:98
sclk~FF|CLK     EFX_FF       0.000             1.858              36        (142,98)

Data Path
     name       model name   delay (ns)  cumulative delay (ns) pins on net    location
========================================================================================
sclk~FF|Q        EFX_FF        0.113             0.113              5        (142,98) 
sclk             net           0.143             0.256              5        (142,98) 
   Routing elements:
      Manhattan distance of X:5, Y:1
LUT__177|in[0]   EFX_LUT4      0.054             0.310              5        (137,97) 
LUT__177|out     EFX_LUT4      0.000             0.310              2        (137,97) 
n111             net           0.053             0.363              2        (137,97) 
   Routing elements:
      Manhattan distance of X:0, Y:1
LUT__178|in[1]   EFX_LUT4      0.054             0.417              2        (137,96) 
LUT__178|out     EFX_LUT4      0.000             0.417              2        (137,96) 
ceg_net25        net           0.419             0.836              2        (137,96) 
   Routing elements:
      Manhattan distance of X:6, Y:6
mosi~FF|CE       EFX_FF        0.091             0.927              2        (143,102)

Capture Clock Path
    name      model name   delay (ns)  cumulative delay (ns) pins on net    location
======================================================================================
clk             input        0.000             0.000               0       (111,0)  
clk             input        0.110             0.110              36       (111,0)  
clk             net          1.748             1.858              36       (111,0)  
   Routing elements:
      Manhattan distance of X:32, Y:102
mosi~FF|CLK     EFX_FF       0.000             1.858              36       (143,102)

++++ Path 10 +++++++++++++++++++++++++++++++++++++++++++++++++++++++++++++++++++

Path Begin    : clk_cnt[0]~FF|CLK                    
Path End      : bit_cnt[0]~FF|CE                     
Launch Clock  : clk (RISE)                           
Capture Clock : clk (RISE)                           
Slack         : -0.018 (required time - arrival time)
Delay         : 0.704                                

Logic Level             : 2
Non-global nets on path : 3
Global nets on path     : 0

Launch Clock Path Delay        : 1.858
+ Clock To Q + Data Path Delay : 0.908
--------------------------------------
End-of-path arrival time       : 2.766

Constraint                     : 1.000
+ Capture Clock Path Delay     : 1.858
- Clock Uncertainty            : 0.110
--------------------------------------
End-of-path required time      : 2.748

Launch Clock Path
      name         model name   delay (ns)  cumulative delay (ns) pins on net    location
===========================================================================================
clk                  input        0.000             0.000               0        (111,0) 
clk                  input        0.110             0.110              36        (111,0) 
clk                  net          1.748             1.858              36        (111,0) 
   Routing elements:
      Manhattan distance of X:31, Y:92
clk_cnt[0]~FF|CLK    EFX_FF       0.000             1.858              36        (142,92)

Data Path
      name        model name   delay (ns)  cumulative delay (ns) pins on net    location
==========================================================================================
clk_cnt[0]~FF|Q    EFX_FF        0.113             0.113              6        (142,92) 
clk_cnt[0]         net           0.152             0.265              6        (142,92) 
   Routing elements:
      Manhattan distance of X:0, Y:5
LUT__158|in[1]     EFX_LUT4      0.054             0.319              6        (142,97) 
LUT__158|out       EFX_LUT4      0.000             0.319              4        (142,97) 
n101               net           0.263             0.582              4        (142,97) 
   Routing elements:
      Manhattan distance of X:0, Y:7
LUT__163|in[1]     EFX_LUT4      0.054             0.636              4        (142,104)
LUT__163|out       EFX_LUT4      0.000             0.636              4        (142,104)
ceg_net10          net           0.181             0.817              4        (142,104)
   Routing elements:
      Manhattan distance of X:0, Y:1
bit_cnt[0]~FF|CE   EFX_FF        0.091             0.908              4        (142,103)

Capture Clock Path
      name         model name   delay (ns)  cumulative delay (ns) pins on net    location
===========================================================================================
clk                  input        0.000             0.000               0       (111,0)  
clk                  input        0.110             0.110              36       (111,0)  
clk                  net          1.748             1.858              36       (111,0)  
   Routing elements:
      Manhattan distance of X:31, Y:103
bit_cnt[0]~FF|CLK    EFX_FF       0.000             1.858              36       (142,103)

---------- Path Details for Max Critical Paths (end) ---------------

---------- 4. Path Details for Min Critical Paths (begin) ----------

################################################################################
Path Detail Report (clk vs clk)
################################################################################


++++ Path 1 ++++++++++++++++++++++++++++++++++++++++++++++++++++++++++++++++++++

Path Begin    : state[0]~FF|CLK                     
Path End      : state[1]~FF|D                       
Launch Clock  : clk (RISE)                          
Capture Clock : clk (RISE)                          
Slack         : 0.058 (arrival time - required time)
Delay         : 0.113                               

Logic Level             : 1
Non-global nets on path : 2
Global nets on path     : 0

Launch Clock Path Delay        : 1.203
+ Clock To Q + Data Path Delay : 0.178
--------------------------------------
End-of-path arrival time       : 1.381

Constraint                     : 0.000
+ Capture Clock Path Delay     : 1.253
+ Clock Uncertainty            : 0.070
--------------------------------------
End-of-path required time      : 1.323

Launch Clock Path
     name        model name   delay (ns)  cumulative delay (ns) pins on net    location
=========================================================================================
clk                input        0.000             0.000               0        (111,0) 
clk                input        0.070             0.070              36        (111,0) 
clk                net          1.133             1.203              36        (111,0) 
   Routing elements:
      Manhattan distance of X:32, Y:99
state[0]~FF|CLK    EFX_FF       0.000             1.203              36        (143,99)

Data Path
     name       model name   delay (ns)  cumulative delay (ns) pins on net    location
========================================================================================
state[0]~FF|Q    EFX_FF         0.072            0.072              22        (143,99)
state[0]         net            0.079            0.151              22        (143,99)
   Routing elements:
      Manhattan distance of X:1, Y:0
LUT__154|in[1]   EFX_LUT4       0.034            0.185              22        (142,99)
LUT__154|out     EFX_LUT4       0.000            0.185               7        (142,99)
~equal_6/n3      net            0.000            0.185               7        (142,99)
state[1]~FF|D    EFX_FF        -0.007            0.178               7        (142,99)

Capture Clock Path
     name        model name   delay (ns)  cumulative delay (ns) pins on net    location
=========================================================================================
clk                input        0.000             0.000               0        (111,0) 
clk                input        0.070             0.070              36        (111,0) 
clk                net          1.183             1.253              36        (111,0) 
   Routing elements:
      Manhattan distance of X:31, Y:99
state[1]~FF|CLK    EFX_FF       0.000             1.253              36        (142,99)

++++ Path 2 ++++++++++++++++++++++++++++++++++++++++++++++++++++++++++++++++++++

Path Begin    : shift_reg_rx[4]~FF|CLK              
Path End      : shift_reg_rx[5]~FF|D                
Launch Clock  : clk (RISE)                          
Capture Clock : clk (RISE)                          
Slack         : 0.068 (arrival time - required time)
Delay         : 0.123                               

Logic Level             : 0
Non-global nets on path : 1
Global nets on path     : 0

Launch Clock Path Delay        : 1.203
+ Clock To Q + Data Path Delay : 0.188
--------------------------------------
End-of-path arrival time       : 1.391

Constraint                     : 0.000
+ Capture Clock Path Delay     : 1.253
+ Clock Uncertainty            : 0.070
--------------------------------------
End-of-path required time      : 1.323

Launch Clock Path
         name           model name   delay (ns)  cumulative delay (ns) pins on net    location
================================================================================================
clk                       input        0.000             0.000               0        (111,0) 
clk                       input        0.070             0.070              36        (111,0) 
clk                       net          1.133             1.203              36        (111,0) 
   Routing elements:
      Manhattan distance of X:31, Y:95
shift_reg_rx[4]~FF|CLK    EFX_FF       0.000             1.203              36        (142,95)

Data Path
        name          model name   delay (ns)  cumulative delay (ns) pins on net    location
==============================================================================================
shift_reg_rx[4]~FF|Q    EFX_FF        0.072            0.072              3         (142,95)
shift_reg_rx[4]         net           0.123            0.195              3         (142,95)
   Routing elements:
      Manhattan distance of X:0, Y:1
shift_reg_rx[5]~FF|D    EFX_FF       -0.007            0.188              3         (142,94)

Capture Clock Path
         name           model name   delay (ns)  cumulative delay (ns) pins on net    location
================================================================================================
clk                       input        0.000             0.000               0        (111,0) 
clk                       input        0.070             0.070              36        (111,0) 
clk                       net          1.183             1.253              36        (111,0) 
   Routing elements:
      Manhattan distance of X:31, Y:94
shift_reg_rx[5]~FF|CLK    EFX_FF       0.000             1.253              36        (142,94)

++++ Path 3 ++++++++++++++++++++++++++++++++++++++++++++++++++++++++++++++++++++

Path Begin    : shift_reg_rx[0]~FF|CLK              
Path End      : shift_reg_rx[1]~FF|D                
Launch Clock  : clk (RISE)                          
Capture Clock : clk (RISE)                          
Slack         : 0.078 (arrival time - required time)
Delay         : 0.095                               

Logic Level             : 0
Non-global nets on path : 1
Global nets on path     : 0

Launch Clock Path Delay        : 1.330
+ Clock To Q + Data Path Delay : 0.148
--------------------------------------
End-of-path arrival time       : 1.478

Constraint                     : 0.000
+ Capture Clock Path Delay     : 1.330
+ Clock Uncertainty            : 0.070
--------------------------------------
End-of-path required time      : 1.400

Launch Clock Path
         name           model name   delay (ns)  cumulative delay (ns) pins on net    location
================================================================================================
clk                       input        0.000             0.000               0        (111,0) 
clk                       input        0.070             0.070              36        (111,0) 
clk                       net          1.260             1.330              36        (111,0) 
   Routing elements:
      Manhattan distance of X:32, Y:97
shift_reg_rx[0]~FF|CLK    EFX_FF       0.000             1.330              36        (143,97)

Data Path
        name          model name   delay (ns)  cumulative delay (ns) pins on net    location
==============================================================================================
shift_reg_rx[0]~FF|Q    EFX_FF        0.072            0.072              3         (143,97)
shift_reg_rx[0]         net           0.095            0.167              3         (143,97)
   Routing elements:
      Manhattan distance of X:0, Y:2
shift_reg_rx[1]~FF|D    EFX_FF       -0.019            0.148              3         (143,95)

Capture Clock Path
         name           model name   delay (ns)  cumulative delay (ns) pins on net    location
================================================================================================
clk                       input        0.000             0.000               0        (111,0) 
clk                       input        0.070             0.070              36        (111,0) 
clk                       net          1.260             1.330              36        (111,0) 
   Routing elements:
      Manhattan distance of X:32, Y:95
shift_reg_rx[1]~FF|CLK    EFX_FF       0.000             1.330              36        (143,95)

++++ Path 4 ++++++++++++++++++++++++++++++++++++++++++++++++++++++++++++++++++++

Path Begin    : shift_reg_rx[6]~FF|CLK              
Path End      : shift_reg_rx[7]~FF|D                
Launch Clock  : clk (RISE)                          
Capture Clock : clk (RISE)                          
Slack         : 0.095 (arrival time - required time)
Delay         : 0.112                               

Logic Level             : 0
Non-global nets on path : 1
Global nets on path     : 0

Launch Clock Path Delay        : 1.330
+ Clock To Q + Data Path Delay : 0.165
--------------------------------------
End-of-path arrival time       : 1.495

Constraint                     : 0.000
+ Capture Clock Path Delay     : 1.330
+ Clock Uncertainty            : 0.070
--------------------------------------
End-of-path required time      : 1.400

Launch Clock Path
         name           model name   delay (ns)  cumulative delay (ns) pins on net    location
================================================================================================
clk                       input        0.000             0.000               0        (111,0) 
clk                       input        0.070             0.070              36        (111,0) 
clk                       net          1.260             1.330              36        (111,0) 
   Routing elements:
      Manhattan distance of X:32, Y:96
shift_reg_rx[6]~FF|CLK    EFX_FF       0.000             1.330              36        (143,96)

Data Path
        name          model name   delay (ns)  cumulative delay (ns) pins on net    location
==============================================================================================
shift_reg_rx[6]~FF|Q    EFX_FF        0.072            0.072              3         (143,96)
shift_reg_rx[6]         net           0.112            0.184              3         (143,96)
   Routing elements:
      Manhattan distance of X:0, Y:5
shift_reg_rx[7]~FF|D    EFX_FF       -0.019            0.165              3         (143,91)

Capture Clock Path
         name           model name   delay (ns)  cumulative delay (ns) pins on net    location
================================================================================================
clk                       input        0.000             0.000               0        (111,0) 
clk                       input        0.070             0.070              36        (111,0) 
clk                       net          1.260             1.330              36        (111,0) 
   Routing elements:
      Manhattan distance of X:32, Y:91
shift_reg_rx[7]~FF|CLK    EFX_FF       0.000             1.330              36        (143,91)

++++ Path 5 ++++++++++++++++++++++++++++++++++++++++++++++++++++++++++++++++++++

Path Begin    : state[1]~FF|CLK                     
Path End      : state[1]~FF|D                       
Launch Clock  : clk (RISE)                          
Capture Clock : clk (RISE)                          
Slack         : 0.103 (arrival time - required time)
Delay         : 0.108                               

Logic Level             : 1
Non-global nets on path : 2
Global nets on path     : 0

Launch Clock Path Delay        : 1.253
+ Clock To Q + Data Path Delay : 0.173
--------------------------------------
End-of-path arrival time       : 1.426

Constraint                     : 0.000
+ Capture Clock Path Delay     : 1.253
+ Clock Uncertainty            : 0.070
--------------------------------------
End-of-path required time      : 1.323

Launch Clock Path
     name        model name   delay (ns)  cumulative delay (ns) pins on net    location
=========================================================================================
clk                input        0.000             0.000               0        (111,0) 
clk                input        0.070             0.070              36        (111,0) 
clk                net          1.183             1.253              36        (111,0) 
   Routing elements:
      Manhattan distance of X:31, Y:99
state[1]~FF|CLK    EFX_FF       0.000             1.253              36        (142,99)

Data Path
     name       model name   delay (ns)  cumulative delay (ns) pins on net    location
========================================================================================
state[1]~FF|Q    EFX_FF         0.072            0.072              10        (142,99)
state[1]         net            0.074            0.146              10        (142,99)
LUT__154|in[0]   EFX_LUT4       0.034            0.180              10        (142,99)
LUT__154|out     EFX_LUT4       0.000            0.180               7        (142,99)
~equal_6/n3      net            0.000            0.180               7        (142,99)
state[1]~FF|D    EFX_FF        -0.007            0.173               7        (142,99)

Capture Clock Path
     name        model name   delay (ns)  cumulative delay (ns) pins on net    location
=========================================================================================
clk                input        0.000             0.000               0        (111,0) 
clk                input        0.070             0.070              36        (111,0) 
clk                net          1.183             1.253              36        (111,0) 
   Routing elements:
      Manhattan distance of X:31, Y:99
state[1]~FF|CLK    EFX_FF       0.000             1.253              36        (142,99)

++++ Path 6 ++++++++++++++++++++++++++++++++++++++++++++++++++++++++++++++++++++

Path Begin    : rx_data[0]~FF|CLK                   
Path End      : rx_data[0]~FF|D                     
Launch Clock  : clk (RISE)                          
Capture Clock : clk (RISE)                          
Slack         : 0.109 (arrival time - required time)
Delay         : 0.107                               

Logic Level             : 1
Non-global nets on path : 2
Global nets on path     : 0

Launch Clock Path Delay        : 1.203
+ Clock To Q + Data Path Delay : 0.179
--------------------------------------
End-of-path arrival time       : 1.382

Constraint                     : 0.000
+ Capture Clock Path Delay     : 1.203
+ Clock Uncertainty            : 0.070
--------------------------------------
End-of-path required time      : 1.273

Launch Clock Path
      name         model name   delay (ns)  cumulative delay (ns) pins on net    location
===========================================================================================
clk                  input        0.000             0.000               0        (111,0) 
clk                  input        0.070             0.070              36        (111,0) 
clk                  net          1.133             1.203              36        (111,0) 
   Routing elements:
      Manhattan distance of X:32, Y:90
rx_data[0]~FF|CLK    EFX_FF       0.000             1.203              36        (143,90)

Data Path
     name        model name   delay (ns)  cumulative delay (ns) pins on net    location
=========================================================================================
rx_data[0]~FF|Q   EFX_FF        0.072             0.072              3         (143,90)
rx_data[0]        net           0.073             0.145              3         (143,90)
LUT__167|in[1]    EFX_LUT4      0.034             0.179              3         (143,90)
LUT__167|out      EFX_LUT4      0.000             0.179              2         (143,90)
n282              net           0.000             0.179              2         (143,90)
rx_data[0]~FF|D   EFX_FF        0.000             0.179              2         (143,90)

Capture Clock Path
      name         model name   delay (ns)  cumulative delay (ns) pins on net    location
===========================================================================================
clk                  input        0.000             0.000               0        (111,0) 
clk                  input        0.070             0.070              36        (111,0) 
clk                  net          1.133             1.203              36        (111,0) 
   Routing elements:
      Manhattan distance of X:32, Y:90
rx_data[0]~FF|CLK    EFX_FF       0.000             1.203              36        (143,90)

++++ Path 7 ++++++++++++++++++++++++++++++++++++++++++++++++++++++++++++++++++++

Path Begin    : rx_data[3]~FF|CLK                   
Path End      : rx_data[3]~FF|D                     
Launch Clock  : clk (RISE)                          
Capture Clock : clk (RISE)                          
Slack         : 0.109 (arrival time - required time)
Delay         : 0.107                               

Logic Level             : 1
Non-global nets on path : 2
Global nets on path     : 0

Launch Clock Path Delay        : 1.203
+ Clock To Q + Data Path Delay : 0.179
--------------------------------------
End-of-path arrival time       : 1.382

Constraint                     : 0.000
+ Capture Clock Path Delay     : 1.203
+ Clock Uncertainty            : 0.070
--------------------------------------
End-of-path required time      : 1.273

Launch Clock Path
      name         model name   delay (ns)  cumulative delay (ns) pins on net    location
===========================================================================================
clk                  input        0.000             0.000               0        (111,0) 
clk                  input        0.070             0.070              36        (111,0) 
clk                  net          1.133             1.203              36        (111,0) 
   Routing elements:
      Manhattan distance of X:31, Y:87
rx_data[3]~FF|CLK    EFX_FF       0.000             1.203              36        (142,87)

Data Path
     name        model name   delay (ns)  cumulative delay (ns) pins on net    location
=========================================================================================
rx_data[3]~FF|Q   EFX_FF        0.072             0.072              3         (142,87)
rx_data[3]        net           0.073             0.145              3         (142,87)
LUT__182|in[1]    EFX_LUT4      0.034             0.179              3         (142,87)
LUT__182|out      EFX_LUT4      0.000             0.179              2         (142,87)
n280              net           0.000             0.179              2         (142,87)
rx_data[3]~FF|D   EFX_FF        0.000             0.179              2         (142,87)

Capture Clock Path
      name         model name   delay (ns)  cumulative delay (ns) pins on net    location
===========================================================================================
clk                  input        0.000             0.000               0        (111,0) 
clk                  input        0.070             0.070              36        (111,0) 
clk                  net          1.133             1.203              36        (111,0) 
   Routing elements:
      Manhattan distance of X:31, Y:87
rx_data[3]~FF|CLK    EFX_FF       0.000             1.203              36        (142,87)

++++ Path 8 ++++++++++++++++++++++++++++++++++++++++++++++++++++++++++++++++++++

Path Begin    : rx_data[2]~FF|CLK                   
Path End      : rx_data[2]~FF|D                     
Launch Clock  : clk (RISE)                          
Capture Clock : clk (RISE)                          
Slack         : 0.109 (arrival time - required time)
Delay         : 0.107                               

Logic Level             : 1
Non-global nets on path : 2
Global nets on path     : 0

Launch Clock Path Delay        : 1.203
+ Clock To Q + Data Path Delay : 0.179
--------------------------------------
End-of-path arrival time       : 1.382

Constraint                     : 0.000
+ Capture Clock Path Delay     : 1.203
+ Clock Uncertainty            : 0.070
--------------------------------------
End-of-path required time      : 1.273

Launch Clock Path
      name         model name   delay (ns)  cumulative delay (ns) pins on net    location
===========================================================================================
clk                  input        0.000             0.000               0        (111,0) 
clk                  input        0.070             0.070              36        (111,0) 
clk                  net          1.133             1.203              36        (111,0) 
   Routing elements:
      Manhattan distance of X:31, Y:88
rx_data[2]~FF|CLK    EFX_FF       0.000             1.203              36        (142,88)

Data Path
     name        model name   delay (ns)  cumulative delay (ns) pins on net    location
=========================================================================================
rx_data[2]~FF|Q   EFX_FF        0.072             0.072              3         (142,88)
rx_data[2]        net           0.073             0.145              3         (142,88)
LUT__181|in[1]    EFX_LUT4      0.034             0.179              3         (142,88)
LUT__181|out      EFX_LUT4      0.000             0.179              2         (142,88)
n284              net           0.000             0.179              2         (142,88)
rx_data[2]~FF|D   EFX_FF        0.000             0.179              2         (142,88)

Capture Clock Path
      name         model name   delay (ns)  cumulative delay (ns) pins on net    location
===========================================================================================
clk                  input        0.000             0.000               0        (111,0) 
clk                  input        0.070             0.070              36        (111,0) 
clk                  net          1.133             1.203              36        (111,0) 
   Routing elements:
      Manhattan distance of X:31, Y:88
rx_data[2]~FF|CLK    EFX_FF       0.000             1.203              36        (142,88)

++++ Path 9 ++++++++++++++++++++++++++++++++++++++++++++++++++++++++++++++++++++

Path Begin    : rx_data[5]~FF|CLK                   
Path End      : rx_data[5]~FF|D                     
Launch Clock  : clk (RISE)                          
Capture Clock : clk (RISE)                          
Slack         : 0.109 (arrival time - required time)
Delay         : 0.107                               

Logic Level             : 1
Non-global nets on path : 2
Global nets on path     : 0

Launch Clock Path Delay        : 1.203
+ Clock To Q + Data Path Delay : 0.179
--------------------------------------
End-of-path arrival time       : 1.382

Constraint                     : 0.000
+ Capture Clock Path Delay     : 1.203
+ Clock Uncertainty            : 0.070
--------------------------------------
End-of-path required time      : 1.273

Launch Clock Path
      name         model name   delay (ns)  cumulative delay (ns) pins on net    location
===========================================================================================
clk                  input        0.000             0.000               0        (111,0) 
clk                  input        0.070             0.070              36        (111,0) 
clk                  net          1.133             1.203              36        (111,0) 
   Routing elements:
      Manhattan distance of X:32, Y:87
rx_data[5]~FF|CLK    EFX_FF       0.000             1.203              36        (143,87)

Data Path
     name        model name   delay (ns)  cumulative delay (ns) pins on net    location
=========================================================================================
rx_data[5]~FF|Q   EFX_FF        0.072             0.072              3         (143,87)
rx_data[5]        net           0.073             0.145              3         (143,87)
LUT__184|in[1]    EFX_LUT4      0.034             0.179              3         (143,87)
LUT__184|out      EFX_LUT4      0.000             0.179              2         (143,87)
n276              net           0.000             0.179              2         (143,87)
rx_data[5]~FF|D   EFX_FF        0.000             0.179              2         (143,87)

Capture Clock Path
      name         model name   delay (ns)  cumulative delay (ns) pins on net    location
===========================================================================================
clk                  input        0.000             0.000               0        (111,0) 
clk                  input        0.070             0.070              36        (111,0) 
clk                  net          1.133             1.203              36        (111,0) 
   Routing elements:
      Manhattan distance of X:32, Y:87
rx_data[5]~FF|CLK    EFX_FF       0.000             1.203              36        (143,87)

++++ Path 10 +++++++++++++++++++++++++++++++++++++++++++++++++++++++++++++++++++

Path Begin    : sclk~FF|CLK                         
Path End      : sclk~FF|D                           
Launch Clock  : clk (RISE)                          
Capture Clock : clk (RISE)                          
Slack         : 0.109 (arrival time - required time)
Delay         : 0.107                               

Logic Level             : 1
Non-global nets on path : 2
Global nets on path     : 0

Launch Clock Path Delay        : 1.203
+ Clock To Q + Data Path Delay : 0.179
--------------------------------------
End-of-path arrival time       : 1.382

Constraint                     : 0.000
+ Capture Clock Path Delay     : 1.203
+ Clock Uncertainty            : 0.070
--------------------------------------
End-of-path required time      : 1.273

Launch Clock Path
    name      model name   delay (ns)  cumulative delay (ns) pins on net    location
======================================================================================
clk             input        0.000             0.000               0        (111,0) 
clk             input        0.070             0.070              36        (111,0) 
clk             net          1.133             1.203              36        (111,0) 
   Routing elements:
      Manhattan distance of X:31, Y:98
sclk~FF|CLK     EFX_FF       0.000             1.203              36        (142,98)

Data Path
     name       model name   delay (ns)  cumulative delay (ns) pins on net    location
========================================================================================
sclk~FF|Q        EFX_FF        0.072             0.072              5         (142,98)
sclk             net           0.073             0.145              5         (142,98)
LUT__155|in[0]   EFX_LUT4      0.034             0.179              5         (142,98)
LUT__155|out     EFX_LUT4      0.000             0.179              2         (142,98)
n21              net           0.000             0.179              2         (142,98)
sclk~FF|D        EFX_FF        0.000             0.179              2         (142,98)

Capture Clock Path
    name      model name   delay (ns)  cumulative delay (ns) pins on net    location
======================================================================================
clk             input        0.000             0.000               0        (111,0) 
clk             input        0.070             0.070              36        (111,0) 
clk             net          1.133             1.203              36        (111,0) 
   Routing elements:
      Manhattan distance of X:31, Y:98
sclk~FF|CLK     EFX_FF       0.000             1.203              36        (142,98)

---------- Path Details for Min Critical Paths (end) ---------------

