Efinity Synthesis report for project spi_controller
Version: 2025.2.288.2.10
Generated at: Apr 05, 2026 12:50:26
Copyright (C) 2013 - 2025  All rights reserved.

Top-level Entity Name : spi_controller

family : Titanium
device : Ti60F225
project : spi_controller
root : spi_controller
I,include : /home/hagen/school/fpga_comparison_project/efinity_project/spi_controller
binary-db : /home/hagen/school/fpga_comparison_project/efinity_project/spi_controller/outflow/spi_controller.vdb
insert-ios : 0
insert-gclk : 0
max-carry-cascade : 320
max-dsp-cascade : 16
max_mult : -1
max_ram : -1
mode : speed
num_srl : -1
output-dir : /home/hagen/school/fpga_comparison_project/efinity_project/spi_controller/outflow
project : spi_controller
project-xml : /home/hagen/school/fpga_comparison_project/efinity_project/spi_controller/spi_controller.xml
root : spi_controller
work-dir : /home/hagen/school/fpga_comparison_project/efinity_project/spi_controller/work_syn
write-efx-verilog : /home/hagen/school/fpga_comparison_project/efinity_project/spi_controller/outflow/spi_controller.map.v
write-premap-module : /home/hagen/school/fpga_comparison_project/efinity_project/spi_controller/outflow/spi_controller.elab.vdb

File List:

/home/hagen/school/fpga_comparison_project/spi_controller.sv

### ### Report Section Start ### ###


### ### EFX_FF CE enables (begin) ### ### ###
Total number of enable signals: 8
Total number of FFs with enable signals: 32
CE signal <~n211>, number of controlling flip flops: 1
CE signal <ceg_net22>, number of controlling flip flops: 2
CE signal <ceg_net10>, number of controlling flip flops: 3
CE signal <ceg_net11>, number of controlling flip flops: 8
CE signal <ceg_net12>, number of controlling flip flops: 8
CE signal <ceg_net14>, number of controlling flip flops: 8
CE signal <ceg_net25>, number of controlling flip flops: 1
CE signal <state[0]>, number of controlling flip flops: 1
### ### EFX_FF CE enables (end) ### ### ###

### ### EFX_FF SR set/reset (begin) ### ### ###
Total number of set/reset signals: 1
Total number of FFs with set/reset signals: 27
SR signal <rst_n>, number of controlling flip flops: 27
### ### EFX_FF SR set/reset (end) ### ### ###

### ### Module Resource Usage Distribution Estimates (begin) ### ###

**Note: some resources maybe grouped under different hierarchy due to optimization and LUT mapping

Module                                FFs      SRLs      ADDs      LUTs    COMB4s      RAMs DSP/MULTs
-------------------------------       ---      ----      ----      ----      ----      ---- ---------
spi_controller:spi_controller      35(35)      0(0)      0(0)    38(38)      0(0)      0(0)      0(0)

### ### Module Resource Usage Distribution Estimates (end) ### ###


### ### Clock Load Distribution Report (begin) ### ###

 Clock      Flip-Flops      Shift-Regs    Memory PortsMultipliers/DSPs
 -----      ----------      ----------    ----------------------------
   clk              35               0               0               0

### ### Clock Load Distribution Report (end) ### ###

### ### Resource Summary (begin) ### ### ### 
INPUT  PORTS    : 	12
OUTPUT PORTS    : 	13

EFX_LUT4        : 	38
   1-2  Inputs  : 	13
   3    Inputs  : 	16
   4    Inputs  : 	9
EFX_FF          : 	35
### ### Resource Summary (end) ### ### ###

Plain synthesis (without verilog dump and post-map checks) time : 1s
Elapsed synthesis time : 1s
