SET Mitigation Report
Microchip Technology Inc. - Microchip Libero Software Release 2025.2 (Version 2025.2.0.14)
Date: Sun Mar 22 11:05:58 2026

TopCell: spi_controller

Device Selection
+---------+----------+
| Family  | RTG4     |
| Device  | RT4G150L |
| Package | 1657 FCG |
+---------+----------+

SET Mitigation Instances
+-----------+-------------------+
| Mitigated | Name              |
+-----------+-------------------+
| No        | bit_cnt[0]        |
| No        | bit_cnt[1]        |
| No        | bit_cnt[2]        |
| No        | clk_cnt[0]        |
| No        | clk_cnt[1]        |
| No        | cs_n_Z            |
| No        | done_Z            |
| No        | mosi_Z            |
| No        | rx_data_Z[0]      |
| No        | rx_data_Z[1]      |
| No        | rx_data_Z[2]      |
| No        | rx_data_Z[3]      |
| No        | rx_data_Z[4]      |
| No        | rx_data_Z[5]      |
| No        | rx_data_Z[6]      |
| No        | rx_data_Z[7]      |
| No        | sclk_r            |
| No        | shift_reg_rx_0[0] |
| No        | shift_reg_rx_0[1] |
| No        | shift_reg_rx_0[2] |
| No        | shift_reg_rx_0[3] |
| No        | shift_reg_rx_0[4] |
| No        | shift_reg_rx_0[5] |
| No        | shift_reg_rx_1[0] |
| No        | shift_reg_rx_2[0] |
| No        | shift_reg_rx_3[0] |
| No        | shift_reg_rx_4[0] |
| No        | shift_reg_rx_5[0] |
| No        | shift_reg_rx_6[0] |
| No        | shift_reg_rx_7[0] |
| No        | shift_reg_tx[0]   |
| No        | shift_reg_tx[1]   |
| No        | shift_reg_tx[2]   |
| No        | shift_reg_tx[3]   |
| No        | shift_reg_tx[4]   |
| No        | shift_reg_tx[5]   |
| No        | shift_reg_tx[6]   |
| No        | shift_reg_tx[7]   |
+-----------+-------------------+

